Archive member included to satisfy reference by file (symbol)

d:/stmicroelectronics/stm32cubeide_1.10.1/stm32cubeide/plugins/com.st.stm32cube.ide.mcu.externaltools.gnu-tools-for-stm32.10.3-2021.10.win32_1.0.0.202111181127/tools/bin/../lib/gcc/arm-none-eabi/10.3.1/../../../../arm-none-eabi/lib/thumb/v7e-m+fp/hard\libc_nano.a(lib_a-errno.o)
                              ./Core/Src/syscalls.o (__errno)
d:/stmicroelectronics/stm32cubeide_1.10.1/stm32cubeide/plugins/com.st.stm32cube.ide.mcu.externaltools.gnu-tools-for-stm32.10.3-2021.10.win32_1.0.0.202111181127/tools/bin/../lib/gcc/arm-none-eabi/10.3.1/../../../../arm-none-eabi/lib/thumb/v7e-m+fp/hard\libc_nano.a(lib_a-exit.o)
                              d:/stmicroelectronics/stm32cubeide_1.10.1/stm32cubeide/plugins/com.st.stm32cube.ide.mcu.externaltools.gnu-tools-for-stm32.10.3-2021.10.win32_1.0.0.202111181127/tools/bin/../lib/gcc/arm-none-eabi/10.3.1/../../../../arm-none-eabi/lib/thumb/v7e-m+fp/hard/crt0.o (exit)
d:/stmicroelectronics/stm32cubeide_1.10.1/stm32cubeide/plugins/com.st.stm32cube.ide.mcu.externaltools.gnu-tools-for-stm32.10.3-2021.10.win32_1.0.0.202111181127/tools/bin/../lib/gcc/arm-none-eabi/10.3.1/../../../../arm-none-eabi/lib/thumb/v7e-m+fp/hard\libc_nano.a(lib_a-impure.o)
                              d:/stmicroelectronics/stm32cubeide_1.10.1/stm32cubeide/plugins/com.st.stm32cube.ide.mcu.externaltools.gnu-tools-for-stm32.10.3-2021.10.win32_1.0.0.202111181127/tools/bin/../lib/gcc/arm-none-eabi/10.3.1/../../../../arm-none-eabi/lib/thumb/v7e-m+fp/hard\libc_nano.a(lib_a-exit.o) (_global_impure_ptr)
d:/stmicroelectronics/stm32cubeide_1.10.1/stm32cubeide/plugins/com.st.stm32cube.ide.mcu.externaltools.gnu-tools-for-stm32.10.3-2021.10.win32_1.0.0.202111181127/tools/bin/../lib/gcc/arm-none-eabi/10.3.1/../../../../arm-none-eabi/lib/thumb/v7e-m+fp/hard\libc_nano.a(lib_a-init.o)
                              d:/stmicroelectronics/stm32cubeide_1.10.1/stm32cubeide/plugins/com.st.stm32cube.ide.mcu.externaltools.gnu-tools-for-stm32.10.3-2021.10.win32_1.0.0.202111181127/tools/bin/../lib/gcc/arm-none-eabi/10.3.1/../../../../arm-none-eabi/lib/thumb/v7e-m+fp/hard/crt0.o (__libc_init_array)
d:/stmicroelectronics/stm32cubeide_1.10.1/stm32cubeide/plugins/com.st.stm32cube.ide.mcu.externaltools.gnu-tools-for-stm32.10.3-2021.10.win32_1.0.0.202111181127/tools/bin/../lib/gcc/arm-none-eabi/10.3.1/../../../../arm-none-eabi/lib/thumb/v7e-m+fp/hard\libc_nano.a(lib_a-memset.o)
                              d:/stmicroelectronics/stm32cubeide_1.10.1/stm32cubeide/plugins/com.st.stm32cube.ide.mcu.externaltools.gnu-tools-for-stm32.10.3-2021.10.win32_1.0.0.202111181127/tools/bin/../lib/gcc/arm-none-eabi/10.3.1/../../../../arm-none-eabi/lib/thumb/v7e-m+fp/hard/crt0.o (memset)

Discarded input sections

 .text          0x0000000000000000        0x0 d:/stmicroelectronics/stm32cubeide_1.10.1/stm32cubeide/plugins/com.st.stm32cube.ide.mcu.externaltools.gnu-tools-for-stm32.10.3-2021.10.win32_1.0.0.202111181127/tools/bin/../lib/gcc/arm-none-eabi/10.3.1/thumb/v7e-m+fp/hard/crti.o
 .data          0x0000000000000000        0x0 d:/stmicroelectronics/stm32cubeide_1.10.1/stm32cubeide/plugins/com.st.stm32cube.ide.mcu.externaltools.gnu-tools-for-stm32.10.3-2021.10.win32_1.0.0.202111181127/tools/bin/../lib/gcc/arm-none-eabi/10.3.1/thumb/v7e-m+fp/hard/crti.o
 .bss           0x0000000000000000        0x0 d:/stmicroelectronics/stm32cubeide_1.10.1/stm32cubeide/plugins/com.st.stm32cube.ide.mcu.externaltools.gnu-tools-for-stm32.10.3-2021.10.win32_1.0.0.202111181127/tools/bin/../lib/gcc/arm-none-eabi/10.3.1/thumb/v7e-m+fp/hard/crti.o
 .data          0x0000000000000000        0x4 d:/stmicroelectronics/stm32cubeide_1.10.1/stm32cubeide/plugins/com.st.stm32cube.ide.mcu.externaltools.gnu-tools-for-stm32.10.3-2021.10.win32_1.0.0.202111181127/tools/bin/../lib/gcc/arm-none-eabi/10.3.1/thumb/v7e-m+fp/hard/crtbegin.o
 .rodata        0x0000000000000000       0x24 d:/stmicroelectronics/stm32cubeide_1.10.1/stm32cubeide/plugins/com.st.stm32cube.ide.mcu.externaltools.gnu-tools-for-stm32.10.3-2021.10.win32_1.0.0.202111181127/tools/bin/../lib/gcc/arm-none-eabi/10.3.1/thumb/v7e-m+fp/hard/crtbegin.o
 .text          0x0000000000000000       0x7c d:/stmicroelectronics/stm32cubeide_1.10.1/stm32cubeide/plugins/com.st.stm32cube.ide.mcu.externaltools.gnu-tools-for-stm32.10.3-2021.10.win32_1.0.0.202111181127/tools/bin/../lib/gcc/arm-none-eabi/10.3.1/../../../../arm-none-eabi/lib/thumb/v7e-m+fp/hard/crt0.o
 .data          0x0000000000000000        0x0 d:/stmicroelectronics/stm32cubeide_1.10.1/stm32cubeide/plugins/com.st.stm32cube.ide.mcu.externaltools.gnu-tools-for-stm32.10.3-2021.10.win32_1.0.0.202111181127/tools/bin/../lib/gcc/arm-none-eabi/10.3.1/../../../../arm-none-eabi/lib/thumb/v7e-m+fp/hard/crt0.o
[...]
Memory Configuration

Name             Origin             Length             Attributes
RAM              0x0000000020000000 0x0000000000028000 xrw
RAM2             0x0000000010000000 0x0000000000008000 xrw
FLASH            0x0000000008000000 0x0000000000080000 xr
*default*        0x0000000000000000 0xffffffffffffffff

Linker script and memory map

LOAD d:/stmicroelectronics/stm32cubeide_1.10.1/stm32cubeide/plugins/com.st.stm32cube.ide.mcu.externaltools.gnu-tools-for-stm32.10.3-2021.10.win32_1.0.0.202111181127/tools/bin/../lib/gcc/arm-none-eabi/10.3.1/thumb/v7e-m+fp/hard/crti.o
LOAD d:/stmicroelectronics/stm32cubeide_1.10.1/stm32cubeide/plugins/com.st.stm32cube.ide.mcu.externaltools.gnu-tools-for-stm32.10.3-2021.10.win32_1.0.0.202111181127/tools/bin/../lib/gcc/arm-none-eabi/10.3.1/thumb/v7e-m+fp/hard/crtbegin.o
LOAD d:/stmicroelectronics/stm32cubeide_1.10.1/stm32cubeide/plugins/com.st.stm32cube.ide.mcu.externaltools.gnu-tools-for-stm32.10.3-2021.10.win32_1.0.0.202111181127/tools/bin/../lib/gcc/arm-none-eabi/10.3.1/../../../../arm-none-eabi/lib/thumb/v7e-m+fp/hard/crt0.o
LOAD ./Core/Src/adc.o
LOAD ./Core/Src/can.o
LOAD ./Core/Src/can_driver.o
LOAD ./Core/Src/can_message_queue.o
LOAD ./Core/Src/gpio.o
LOAD ./Core/Src/i2c.o
LOAD ./Core/Src/main.o
LOAD ./Core/Src/spi.o
LOAD ./Core/Src/stm32l4xx_hal_msp.o
LOAD ./Core/Src/stm32l4xx_it.o
LOAD ./Core/Src/syscalls.o
LOAD ./Core/Src/sysmem.o
LOAD ./Core/Src/system_stm32l4xx.o
LOAD ./Core/Src/tim.o
LOAD ./Core/Startup/startup_stm32l452retx.o
LOAD ./Drivers/STM32L4xx_HAL_Driver/Src/stm32l4xx_hal.o
LOAD ./Drivers/STM32L4xx_HAL_Driver/Src/stm32l4xx_hal_adc.o
LOAD ./Drivers/STM32L4xx_HAL_Driver/Src/stm32l4xx_hal_adc_ex.o
LOAD ./Drivers/STM32L4xx_HAL_Driver/Src/stm32l4xx_hal_can.o
LOAD ./Drivers/STM32L4xx_HAL_Driver/Src/stm32l4xx_hal_cortex.o
LOAD ./Drivers/STM32L4xx_HAL_Driver/Src/stm32l4xx_hal_dma.o
LOAD ./Drivers/STM32L4xx_HAL_Driver/Src/stm32l4xx_hal_dma_ex.o
LOAD ./Drivers/STM32L4xx_HAL_Driver/Src/stm32l4xx_hal_exti.o
LOAD ./Drivers/STM32L4xx_HAL_Driver/Src/stm32l4xx_hal_flash.o
LOAD ./Drivers/STM32L4xx_HAL_Driver/Src/stm32l4xx_hal_flash_ex.o
LOAD ./Drivers/STM32L4xx_HAL_Driver/Src/stm32l4xx_hal_flash_ramfunc.o
LOAD ./Drivers/STM32L4xx_HAL_Driver/Src/stm32l4xx_hal_gpio.o
LOAD ./Drivers/STM32L4xx_HAL_Driver/Src/stm32l4xx_hal_i2c.o
LOAD ./Drivers/STM32L4xx_HAL_Driver/Src/stm32l4xx_hal_i2c_ex.o
LOAD ./Drivers/STM32L4xx_HAL_Driver/Src/stm32l4xx_hal_pwr.o
LOAD ./Drivers/STM32L4xx_HAL_Driver/Src/stm32l4xx_hal_pwr_ex.o
LOAD ./Drivers/STM32L4xx_HAL_Driver/Src/stm32l4xx_hal_rcc.o
LOAD ./Drivers/STM32L4xx_HAL_Driver/Src/stm32l4xx_hal_rcc_ex.o
LOAD ./Drivers/STM32L4xx_HAL_Driver/Src/stm32l4xx_hal_spi.o
LOAD ./Drivers/STM32L4xx_HAL_Driver/Src/stm32l4xx_hal_spi_ex.o
LOAD ./Drivers/STM32L4xx_HAL_Driver/Src/stm32l4xx_hal_tim.o
LOAD ./Drivers/STM32L4xx_HAL_Driver/Src/stm32l4xx_hal_tim_ex.o
LOAD ./Drivers/heaters.o
LOAD ./Drivers/leds.o
LOAD ./Drivers/lightlevels.o
LOAD ./Drivers/temperatures.o
LOAD ./Drivers/thermostats.o
LOAD ./Drivers/lowlevel/max6822.o
LOAD ./Drivers/lowlevel/max7300.o
LOAD ./Drivers/lowlevel/tlv2553.o
START GROUP
LOAD d:/stmicroelectronics/stm32cubeide_1.10.1/stm32cubeide/plugins/com.st.stm32cube.ide.mcu.externaltools.gnu-tools-for-stm32.10.3-2021.10.win32_1.0.0.202111181127/tools/bin/../lib/gcc/arm-none-eabi/10.3.1/../../../../arm-none-eabi/lib/thumb/v7e-m+fp/hard\libc_nano.a
LOAD d:/stmicroelectronics/stm32cubeide_1.10.1/stm32cubeide/plugins/com.st.stm32cube.ide.mcu.externaltools.gnu-tools-for-stm32.10.3-2021.10.win32_1.0.0.202111181127/tools/bin/../lib/gcc/arm-none-eabi/10.3.1/../../../../arm-none-eabi/lib/thumb/v7e-m+fp/hard\libm.a
END GROUP
START GROUP
LOAD d:/stmicroelectronics/stm32cubeide_1.10.1/stm32cubeide/plugins/com.st.stm32cube.ide.mcu.externaltools.gnu-tools-for-stm32.10.3-2021.10.win32_1.0.0.202111181127/tools/bin/../lib/gcc/arm-none-eabi/10.3.1/thumb/v7e-m+fp/hard\libgcc.a
LOAD d:/stmicroelectronics/stm32cubeide_1.10.1/stm32cubeide/plugins/com.st.stm32cube.ide.mcu.externaltools.gnu-tools-for-stm32.10.3-2021.10.win32_1.0.0.202111181127/tools/bin/../lib/gcc/arm-none-eabi/10.3.1/../../../../arm-none-eabi/lib/thumb/v7e-m+fp/hard\libc_nano.a
END GROUP
START GROUP
LOAD d:/stmicroelectronics/stm32cubeide_1.10.1/stm32cubeide/plugins/com.st.stm32cube.ide.mcu.externaltools.gnu-tools-for-stm32.10.3-2021.10.win32_1.0.0.202111181127/tools/bin/../lib/gcc/arm-none-eabi/10.3.1/thumb/v7e-m+fp/hard\libgcc.a
LOAD d:/stmicroelectronics/stm32cubeide_1.10.1/stm32cubeide/plugins/com.st.stm32cube.ide.mcu.externaltools.gnu-tools-for-stm32.10.3-2021.10.win32_1.0.0.202111181127/tools/bin/../lib/gcc/arm-none-eabi/10.3.1/../../../../arm-none-eabi/lib/thumb/v7e-m+fp/hard\libc_nano.a
LOAD d:/stmicroelectronics/stm32cubeide_1.10.1/stm32cubeide/plugins/com.st.stm32cube.ide.mcu.externaltools.gnu-tools-for-stm32.10.3-2021.10.win32_1.0.0.202111181127/tools/bin/../lib/gcc/arm-none-eabi/10.3.1/../../../../arm-none-eabi/lib/thumb/v7e-m+fp/hard\libnosys.a
END GROUP
START GROUP
LOAD d:/stmicroelectronics/stm32cubeide_1.10.1/stm32cubeide/plugins/com.st.stm32cube.ide.mcu.externaltools.gnu-tools-for-stm32.10.3-2021.10.win32_1.0.0.202111181127/tools/bin/../lib/gcc/arm-none-eabi/10.3.1/thumb/v7e-m+fp/hard\libgcc.a
LOAD d:/stmicroelectronics/stm32cubeide_1.10.1/stm32cubeide/plugins/com.st.stm32cube.ide.mcu.externaltools.gnu-tools-for-stm32.10.3-2021.10.win32_1.0.0.202111181127/tools/bin/../lib/gcc/arm-none-eabi/10.3.1/../../../../arm-none-eabi/lib/thumb/v7e-m+fp/hard\libc_nano.a
LOAD d:/stmicroelectronics/stm32cubeide_1.10.1/stm32cubeide/plugins/com.st.stm32cube.ide.mcu.externaltools.gnu-tools-for-stm32.10.3-2021.10.win32_1.0.0.202111181127/tools/bin/../lib/gcc/arm-none-eabi/10.3.1/../../../../arm-none-eabi/lib/thumb/v7e-m+fp/hard\libnosys.a
END GROUP
LOAD d:/stmicroelectronics/stm32cubeide_1.10.1/stm32cubeide/plugins/com.st.stm32cube.ide.mcu.externaltools.gnu-tools-for-stm32.10.3-2021.10.win32_1.0.0.202111181127/tools/bin/../lib/gcc/arm-none-eabi/10.3.1/thumb/v7e-m+fp/hard/crtend.o
LOAD d:/stmicroelectronics/stm32cubeide_1.10.1/stm32cubeide/plugins/com.st.stm32cube.ide.mcu.externaltools.gnu-tools-for-stm32.10.3-2021.10.win32_1.0.0.202111181127/tools/bin/../lib/gcc/arm-none-eabi/10.3.1/thumb/v7e-m+fp/hard/crtn.o
                0x0000000020028000                _estack = (ORIGIN (RAM) + LENGTH (RAM))
                0x0000000000000200                _Min_Heap_Size = 0x200
                0x0000000000000400                _Min_Stack_Size = 0x400

.isr_vector     0x0000000008000000      0x194
                0x0000000008000000                . = ALIGN (0x4)
 *(.isr_vector)
 .isr_vector    0x0000000008000000      0x194 ./Core/Startup/startup_stm32l452retx.o
                0x0000000008000000                g_pfnVectors
                0x0000000008000194                . = ALIGN (0x4)

.text           0x0000000008000194     0x34e8
                0x0000000008000194                . = ALIGN (0x4)
 *(.text)
 .text          0x0000000008000194       0x40 d:/stmicroelectronics/stm32cubeide_1.10.1/stm32cubeide/plugins/com.st.stm32cube.ide.mcu.externaltools.gnu-tools-for-stm32.10.3-2021.10.win32_1.0.0.202111181127/tools/bin/../lib/gcc/arm-none-eabi/10.3.1/thumb/v7e-m+fp/hard/crtbegin.o
 *(.text*)
 .text.MX_ADC1_Init
                0x00000000080001d4       0x78 ./Core/Src/adc.o
                0x00000000080001d4                MX_ADC1_Init
 .text.HAL_ADC_MspInit
                0x000000000800024c       0xc4 ./Core/Src/adc.o
                0x000000000800024c                HAL_ADC_MspInit
 .text.MX_CAN1_Init
                0x0000000008000310       0x3c ./Core/Src/can.o
                0x0000000008000310                MX_CAN1_Init
 .text.HAL_CAN_MspInit
                0x000000000800034c       0x78 ./Core/Src/can.o
                0x000000000800034c                HAL_CAN_MspInit
 .text.CAN_Init
                0x00000000080003c4       0x44 ./Core/Src/can_driver.o
                0x00000000080003c4                CAN_Init
 .text.CAN_Transmit_Message
                0x0000000008000408       0x7c ./Core/Src/can_driver.o
                0x0000000008000408                CAN_Transmit_Message
 .text.CAN_Message_Received
                0x0000000008000484       0x94 ./Core/Src/can_driver.o
                0x0000000008000484                CAN_Message_Received
 .text.CAN_Send_Default_ACK
                0x0000000008000518       0x52 ./Core/Src/can_driver.o
                0x0000000008000518                CAN_Send_Default_ACK
 .text.CAN_Queue_Init
                0x000000000800056a        0x8 ./Core/Src/can_message_queue.o
                0x000000000800056a                CAN_Queue_Init
 .text.CAN_Queue_IsEmpty
                0x0000000008000572        0xc ./Core/Src/can_message_queue.o
                0x0000000008000572                CAN_Queue_IsEmpty
 .text.CAN_Queue_IsFull
                0x000000000800057e       0x18 ./Core/Src/can_message_queue.o
                0x000000000800057e                CAN_Queue_IsFull
 .text.CAN_Queue_Enqueue
                0x0000000008000596       0x3e ./Core/Src/can_message_queue.o
                0x0000000008000596                CAN_Queue_Enqueue
 .text.CAN_Queue_Dequeue
                0x00000000080005d4       0x38 ./Core/Src/can_message_queue.o
                0x00000000080005d4                CAN_Queue_Dequeue
 .text.MX_GPIO_Init
                0x000000000800060c       0xd0 ./Core/Src/gpio.o
                0x000000000800060c                MX_GPIO_Init
 .text.MX_I2C1_Init
                0x00000000080006dc       0x58 ./Core/Src/i2c.o
                0x00000000080006dc                MX_I2C1_Init
 .text.HAL_I2C_MspInit
                0x0000000008000734       0x84 ./Core/Src/i2c.o
                0x0000000008000734                HAL_I2C_MspInit
 .text.TEMP_transmitTemperatureData
                0x00000000080007b8       0x40 ./Core/Src/main.o
                0x00000000080007b8                TEMP_transmitTemperatureData
 .text.HAL_CAN_RxFifo0MsgPendingCallback
                0x00000000080007f8        0x4 ./Core/Src/main.o
                0x00000000080007f8                HAL_CAN_RxFifo0MsgPendingCallback
 .text.HAL_TIM_PeriodElapsedCallback
                0x00000000080007fc       0x2c ./Core/Src/main.o
                0x00000000080007fc                HAL_TIM_PeriodElapsedCallback
 .text.SystemClock_Config
                0x0000000008000828       0x76 ./Core/Src/main.o
                0x0000000008000828                SystemClock_Config
 *fill*         0x000000000800089e        0x2 
 .text.startup.main
                0x00000000080008a0      0x150 ./Core/Src/main.o
                0x00000000080008a0                main
 .text.Error_Handler
                0x00000000080009f0        0x4 ./Core/Src/main.o
                0x00000000080009f0                Error_Handler
 .text.MX_SPI3_Init
                0x00000000080009f4       0x50 ./Core/Src/spi.o
                0x00000000080009f4                MX_SPI3_Init
 .text.HAL_SPI_MspInit
                0x0000000008000a44       0x68 ./Core/Src/spi.o
                0x0000000008000a44                HAL_SPI_MspInit
 .text.HAL_MspInit
                0x0000000008000aac       0x30 ./Core/Src/stm32l4xx_hal_msp.o
                0x0000000008000aac                HAL_MspInit
 .text.NMI_Handler
                0x0000000008000adc        0x2 ./Core/Src/stm32l4xx_it.o
                0x0000000008000adc                NMI_Handler
 .text.HardFault_Handler
                0x0000000008000ade        0x2 ./Core/Src/stm32l4xx_it.o
                0x0000000008000ade                HardFault_Handler
 .text.MemManage_Handler
                0x0000000008000ae0        0x2 ./Core/Src/stm32l4xx_it.o
                0x0000000008000ae0                MemManage_Handler
 .text.BusFault_Handler
                0x0000000008000ae2        0x2 ./Core/Src/stm32l4xx_it.o
                0x0000000008000ae2                BusFault_Handler
 .text.UsageFault_Handler
                0x0000000008000ae4        0x2 ./Core/Src/stm32l4xx_it.o
                0x0000000008000ae4                UsageFault_Handler
 .text.SVC_Handler
                0x0000000008000ae6        0x2 ./Core/Src/stm32l4xx_it.o
                0x0000000008000ae6                SVC_Handler
 .text.DebugMon_Handler
                0x0000000008000ae8        0x2 ./Core/Src/stm32l4xx_it.o
                0x0000000008000ae8                DebugMon_Handler
 .text.PendSV_Handler
                0x0000000008000aea        0x2 ./Core/Src/stm32l4xx_it.o
                0x0000000008000aea                PendSV_Handler
 .text.SysTick_Handler
                0x0000000008000aec        0x4 ./Core/Src/stm32l4xx_it.o
                0x0000000008000aec                SysTick_Handler
 .text.CAN1_RX0_IRQHandler
                0x0000000008000af0        0xc ./Core/Src/stm32l4xx_it.o
                0x0000000008000af0                CAN1_RX0_IRQHandler
 .text.TIM2_IRQHandler
                0x0000000008000afc        0xc ./Core/Src/stm32l4xx_it.o
                0x0000000008000afc                TIM2_IRQHandler
 .text.SystemInit
                0x0000000008000b08       0x14 ./Core/Src/system_stm32l4xx.o
                0x0000000008000b08                SystemInit
 .text.MX_TIM2_Init
                0x0000000008000b1c       0x6c ./Core/Src/tim.o
                0x0000000008000b1c                MX_TIM2_Init
 .text.HAL_TIM_Base_MspInit
                0x0000000008000b88       0x3c ./Core/Src/tim.o
                0x0000000008000b88                HAL_TIM_Base_MspInit
 .text.Reset_Handler
                0x0000000008000bc4       0x50 ./Core/Startup/startup_stm32l452retx.o
                0x0000000008000bc4                Reset_Handler
 .text.Default_Handler
                0x0000000008000c14        0x2 ./Core/Startup/startup_stm32l452retx.o
                0x0000000008000c14                RTC_Alarm_IRQHandler
                0x0000000008000c14                EXTI2_IRQHandler
                0x0000000008000c14                TIM1_CC_IRQHandler
                0x0000000008000c14                TSC_IRQHandler
                0x0000000008000c14                TAMP_STAMP_IRQHandler
                0x0000000008000c14                EXTI3_IRQHandler
                0x0000000008000c14                LPTIM2_IRQHandler
                0x0000000008000c14                DFSDM1_FLT1_IRQHandler
                0x0000000008000c14                I2C3_ER_IRQHandler
                0x0000000008000c14                EXTI0_IRQHandler
                0x0000000008000c14                I2C2_EV_IRQHandler
                0x0000000008000c14                FPU_IRQHandler
                0x0000000008000c14                TIM1_UP_TIM16_IRQHandler
                0x0000000008000c14                SPI1_IRQHandler
                0x0000000008000c14                TIM6_DAC_IRQHandler
                0x0000000008000c14                DMA2_Channel2_IRQHandler
                0x0000000008000c14                DMA1_Channel4_IRQHandler
                0x0000000008000c14                ADC1_IRQHandler
                0x0000000008000c14                USART3_IRQHandler
                0x0000000008000c14                DMA1_Channel7_IRQHandler
                0x0000000008000c14                CAN1_RX1_IRQHandler
                0x0000000008000c14                DMA2_Channel1_IRQHandler
                0x0000000008000c14                QUADSPI_IRQHandler
                0x0000000008000c14                I2C1_EV_IRQHandler
                0x0000000008000c14                DMA1_Channel6_IRQHandler
                0x0000000008000c14                UART4_IRQHandler
                0x0000000008000c14                DMA2_Channel4_IRQHandler
                0x0000000008000c14                TIM3_IRQHandler
                0x0000000008000c14                RCC_IRQHandler
                0x0000000008000c14                TIM1_TRG_COM_IRQHandler
                0x0000000008000c14                DMA1_Channel1_IRQHandler
                0x0000000008000c14                Default_Handler
                0x0000000008000c14                DMA2_Channel7_IRQHandler
                0x0000000008000c14                EXTI15_10_IRQHandler
                0x0000000008000c14                SDMMC1_IRQHandler
                0x0000000008000c14                I2C3_EV_IRQHandler
                0x0000000008000c14                USB_IRQHandler
                0x0000000008000c14                EXTI9_5_IRQHandler
                0x0000000008000c14                RTC_WKUP_IRQHandler
                0x0000000008000c14                PVD_PVM_IRQHandler
                0x0000000008000c14                SPI2_IRQHandler
                0x0000000008000c14                CAN1_TX_IRQHandler
                0x0000000008000c14                DMA2_Channel5_IRQHandler
                0x0000000008000c14                CRS_IRQHandler
                0x0000000008000c14                DMA1_Channel5_IRQHandler
                0x0000000008000c14                EXTI4_IRQHandler
                0x0000000008000c14                RNG_IRQHandler
                0x0000000008000c14                DMA1_Channel3_IRQHandler
                0x0000000008000c14                COMP_IRQHandler
                0x0000000008000c14                WWDG_IRQHandler
                0x0000000008000c14                I2C4_EV_IRQHandler
                0x0000000008000c14                LPUART1_IRQHandler
                0x0000000008000c14                DMA2_Channel6_IRQHandler
                0x0000000008000c14                EXTI1_IRQHandler
                0x0000000008000c14                USART2_IRQHandler
                0x0000000008000c14                DFSDM1_FLT0_IRQHandler
                0x0000000008000c14                I2C2_ER_IRQHandler
                0x0000000008000c14                DMA1_Channel2_IRQHandler
                0x0000000008000c14                CAN1_SCE_IRQHandler
                0x0000000008000c14                FLASH_IRQHandler
                0x0000000008000c14                USART1_IRQHandler
                0x0000000008000c14                SPI3_IRQHandler
                0x0000000008000c14                I2C1_ER_IRQHandler
                0x0000000008000c14                LPTIM1_IRQHandler
                0x0000000008000c14                I2C4_ER_IRQHandler
                0x0000000008000c14                SAI1_IRQHandler
                0x0000000008000c14                DMA2_Channel3_IRQHandler
                0x0000000008000c14                TIM1_BRK_TIM15_IRQHandler
 *fill*         0x0000000008000c16        0x2 
 .text.HAL_InitTick
                0x0000000008000c18       0x4c ./Drivers/STM32L4xx_HAL_Driver/Src/stm32l4xx_hal.o
                0x0000000008000c18                HAL_InitTick
 .text.HAL_Init
                0x0000000008000c64       0x1e ./Drivers/STM32L4xx_HAL_Driver/Src/stm32l4xx_hal.o
                0x0000000008000c64                HAL_Init
 *fill*         0x0000000008000c82        0x2 
 .text.HAL_IncTick
                0x0000000008000c84       0x18 ./Drivers/STM32L4xx_HAL_Driver/Src/stm32l4xx_hal.o
                0x0000000008000c84                HAL_IncTick
 .text.HAL_GetTick
                0x0000000008000c9c        0xc ./Drivers/STM32L4xx_HAL_Driver/Src/stm32l4xx_hal.o
                0x0000000008000c9c                HAL_GetTick
 .text.LL_ADC_SetChannelSamplingTime
                0x0000000008000ca8       0x22 ./Drivers/STM32L4xx_HAL_Driver/Src/stm32l4xx_hal_adc.o
 .text.LL_ADC_REG_IsConversionOngoing
                0x0000000008000cca        0x8 ./Drivers/STM32L4xx_HAL_Driver/Src/stm32l4xx_hal_adc.o
 *fill*         0x0000000008000cd2        0x2 
 .text.HAL_ADC_Init
                0x0000000008000cd4      0x1a8 ./Drivers/STM32L4xx_HAL_Driver/Src/stm32l4xx_hal_adc.o
                0x0000000008000cd4                HAL_ADC_Init
 .text.HAL_ADC_PollForConversion
                0x0000000008000e7c       0xa2 ./Drivers/STM32L4xx_HAL_Driver/Src/stm32l4xx_hal_adc.o
                0x0000000008000e7c                HAL_ADC_PollForConversion
 .text.HAL_ADC_GetValue
                0x0000000008000f1e        0x6 ./Drivers/STM32L4xx_HAL_Driver/Src/stm32l4xx_hal_adc.o
                0x0000000008000f1e                HAL_ADC_GetValue
 .text.HAL_ADC_ConfigChannel
                0x0000000008000f24      0x390 ./Drivers/STM32L4xx_HAL_Driver/Src/stm32l4xx_hal_adc.o
                0x0000000008000f24                HAL_ADC_ConfigChannel
 .text.ADC_ConversionStop
                0x00000000080012b4       0xd0 ./Drivers/STM32L4xx_HAL_Driver/Src/stm32l4xx_hal_adc.o
                0x00000000080012b4                ADC_ConversionStop
 .text.ADC_Enable
                0x0000000008001384       0xb0 ./Drivers/STM32L4xx_HAL_Driver/Src/stm32l4xx_hal_adc.o
                0x0000000008001384                ADC_Enable
 .text.HAL_ADC_Start
                0x0000000008001434       0x82 ./Drivers/STM32L4xx_HAL_Driver/Src/stm32l4xx_hal_adc.o
                0x0000000008001434                HAL_ADC_Start
 .text.ADC_Disable
                0x00000000080014b6       0x68 ./Drivers/STM32L4xx_HAL_Driver/Src/stm32l4xx_hal_adc.o
                0x00000000080014b6                ADC_Disable
 .text.HAL_ADC_Stop
                0x000000000800151e       0x3e ./Drivers/STM32L4xx_HAL_Driver/Src/stm32l4xx_hal_adc.o
                0x000000000800151e                HAL_ADC_Stop
 .text.HAL_ADCEx_Calibration_Start
                0x000000000800155c       0x94 ./Drivers/STM32L4xx_HAL_Driver/Src/stm32l4xx_hal_adc_ex.o
                0x000000000800155c                HAL_ADCEx_Calibration_Start
 .text.HAL_CAN_Init
                0x00000000080015f0       0xf6 ./Drivers/STM32L4xx_HAL_Driver/Src/stm32l4xx_hal_can.o
                0x00000000080015f0                HAL_CAN_Init
 .text.HAL_CAN_ConfigFilter
                0x00000000080016e6       0xde ./Drivers/STM32L4xx_HAL_Driver/Src/stm32l4xx_hal_can.o
                0x00000000080016e6                HAL_CAN_ConfigFilter
 .text.HAL_CAN_Start
                0x00000000080017c4       0x5c ./Drivers/STM32L4xx_HAL_Driver/Src/stm32l4xx_hal_can.o
                0x00000000080017c4                HAL_CAN_Start
 .text.HAL_CAN_AddTxMessage
                0x0000000008001820       0x94 ./Drivers/STM32L4xx_HAL_Driver/Src/stm32l4xx_hal_can.o
                0x0000000008001820                HAL_CAN_AddTxMessage
 .text.HAL_CAN_GetRxMessage
                0x00000000080018b4       0xee ./Drivers/STM32L4xx_HAL_Driver/Src/stm32l4xx_hal_can.o
                0x00000000080018b4                HAL_CAN_GetRxMessage
 .text.HAL_CAN_ActivateNotification
                0x00000000080019a2       0x22 ./Drivers/STM32L4xx_HAL_Driver/Src/stm32l4xx_hal_can.o
                0x00000000080019a2                HAL_CAN_ActivateNotification
 .text.HAL_CAN_TxMailbox0CompleteCallback
                0x00000000080019c4        0x2 ./Drivers/STM32L4xx_HAL_Driver/Src/stm32l4xx_hal_can.o
                0x00000000080019c4                HAL_CAN_TxMailbox0CompleteCallback
 .text.HAL_CAN_TxMailbox1CompleteCallback
                0x00000000080019c6        0x2 ./Drivers/STM32L4xx_HAL_Driver/Src/stm32l4xx_hal_can.o
                0x00000000080019c6                HAL_CAN_TxMailbox1CompleteCallback
 .text.HAL_CAN_TxMailbox2CompleteCallback
                0x00000000080019c8        0x2 ./Drivers/STM32L4xx_HAL_Driver/Src/stm32l4xx_hal_can.o
                0x00000000080019c8                HAL_CAN_TxMailbox2CompleteCallback
 .text.HAL_CAN_TxMailbox0AbortCallback
                0x00000000080019ca        0x2 ./Drivers/STM32L4xx_HAL_Driver/Src/stm32l4xx_hal_can.o
                0x00000000080019ca                HAL_CAN_TxMailbox0AbortCallback
 .text.HAL_CAN_TxMailbox1AbortCallback
                0x00000000080019cc        0x2 ./Drivers/STM32L4xx_HAL_Driver/Src/stm32l4xx_hal_can.o
                0x00000000080019cc                HAL_CAN_TxMailbox1AbortCallback
 .text.HAL_CAN_TxMailbox2AbortCallback
                0x00000000080019ce        0x2 ./Drivers/STM32L4xx_HAL_Driver/Src/stm32l4xx_hal_can.o
                0x00000000080019ce                HAL_CAN_TxMailbox2AbortCallback
 .text.HAL_CAN_RxFifo0FullCallback
                0x00000000080019d0        0x2 ./Drivers/STM32L4xx_HAL_Driver/Src/stm32l4xx_hal_can.o
                0x00000000080019d0                HAL_CAN_RxFifo0FullCallback
 .text.HAL_CAN_RxFifo1MsgPendingCallback
                0x00000000080019d2        0x2 ./Drivers/STM32L4xx_HAL_Driver/Src/stm32l4xx_hal_can.o
                0x00000000080019d2                HAL_CAN_RxFifo1MsgPendingCallback
 .text.HAL_CAN_RxFifo1FullCallback
                0x00000000080019d4        0x2 ./Drivers/STM32L4xx_HAL_Driver/Src/stm32l4xx_hal_can.o
                0x00000000080019d4                HAL_CAN_RxFifo1FullCallback
 .text.HAL_CAN_SleepCallback
                0x00000000080019d6        0x2 ./Drivers/STM32L4xx_HAL_Driver/Src/stm32l4xx_hal_can.o
                0x00000000080019d6                HAL_CAN_SleepCallback
 .text.HAL_CAN_WakeUpFromRxMsgCallback
                0x00000000080019d8        0x2 ./Drivers/STM32L4xx_HAL_Driver/Src/stm32l4xx_hal_can.o
                0x00000000080019d8                HAL_CAN_WakeUpFromRxMsgCallback
 .text.HAL_CAN_ErrorCallback
                0x00000000080019da        0x2 ./Drivers/STM32L4xx_HAL_Driver/Src/stm32l4xx_hal_can.o
                0x00000000080019da                HAL_CAN_ErrorCallback
 .text.HAL_CAN_IRQHandler
                0x00000000080019dc      0x1fc ./Drivers/STM32L4xx_HAL_Driver/Src/stm32l4xx_hal_can.o
                0x00000000080019dc                HAL_CAN_IRQHandler
 .text.HAL_NVIC_SetPriorityGrouping
                0x0000000008001bd8       0x24 ./Drivers/STM32L4xx_HAL_Driver/Src/stm32l4xx_hal_cortex.o
                0x0000000008001bd8                HAL_NVIC_SetPriorityGrouping
 .text.HAL_NVIC_SetPriority
                0x0000000008001bfc       0x64 ./Drivers/STM32L4xx_HAL_Driver/Src/stm32l4xx_hal_cortex.o
                0x0000000008001bfc                HAL_NVIC_SetPriority
 .text.HAL_NVIC_EnableIRQ
                0x0000000008001c60       0x1c ./Drivers/STM32L4xx_HAL_Driver/Src/stm32l4xx_hal_cortex.o
                0x0000000008001c60                HAL_NVIC_EnableIRQ
 .text.HAL_SYSTICK_Config
                0x0000000008001c7c       0x28 ./Drivers/STM32L4xx_HAL_Driver/Src/stm32l4xx_hal_cortex.o
                0x0000000008001c7c                HAL_SYSTICK_Config
 .text.HAL_GPIO_Init
                0x0000000008001ca4      0x188 ./Drivers/STM32L4xx_HAL_Driver/Src/stm32l4xx_hal_gpio.o
                0x0000000008001ca4                HAL_GPIO_Init
 .text.HAL_GPIO_WritePin
                0x0000000008001e2c        0xa ./Drivers/STM32L4xx_HAL_Driver/Src/stm32l4xx_hal_gpio.o
                0x0000000008001e2c                HAL_GPIO_WritePin
 .text.HAL_GPIO_TogglePin
                0x0000000008001e36       0x12 ./Drivers/STM32L4xx_HAL_Driver/Src/stm32l4xx_hal_gpio.o
                0x0000000008001e36                HAL_GPIO_TogglePin
 .text.I2C_Flush_TXDR
                0x0000000008001e48       0x1c ./Drivers/STM32L4xx_HAL_Driver/Src/stm32l4xx_hal_i2c.o
 .text.I2C_TransferConfig
                0x0000000008001e64       0x2c ./Drivers/STM32L4xx_HAL_Driver/Src/stm32l4xx_hal_i2c.o
 .text.I2C_IsErrorOccurred
                0x0000000008001e90      0x116 ./Drivers/STM32L4xx_HAL_Driver/Src/stm32l4xx_hal_i2c.o
 .text.I2C_WaitOnTXISFlagUntilTimeout
                0x0000000008001fa6       0x4e ./Drivers/STM32L4xx_HAL_Driver/Src/stm32l4xx_hal_i2c.o
 .text.I2C_WaitOnFlagUntilTimeout
                0x0000000008001ff4       0x54 ./Drivers/STM32L4xx_HAL_Driver/Src/stm32l4xx_hal_i2c.o
 .text.I2C_WaitOnSTOPFlagUntilTimeout
                0x0000000008002048       0x4a ./Drivers/STM32L4xx_HAL_Driver/Src/stm32l4xx_hal_i2c.o
 .text.HAL_I2C_Init
                0x0000000008002092       0xa2 ./Drivers/STM32L4xx_HAL_Driver/Src/stm32l4xx_hal_i2c.o
                0x0000000008002092                HAL_I2C_Init
 .text.HAL_I2C_Master_Transmit
                0x0000000008002134      0x12c ./Drivers/STM32L4xx_HAL_Driver/Src/stm32l4xx_hal_i2c.o
                0x0000000008002134                HAL_I2C_Master_Transmit
 .text.HAL_I2CEx_ConfigAnalogFilter
                0x0000000008002260       0x4c ./Drivers/STM32L4xx_HAL_Driver/Src/stm32l4xx_hal_i2c_ex.o
                0x0000000008002260                HAL_I2CEx_ConfigAnalogFilter
 .text.HAL_I2CEx_ConfigDigitalFilter
                0x00000000080022ac       0x4a ./Drivers/STM32L4xx_HAL_Driver/Src/stm32l4xx_hal_i2c_ex.o
                0x00000000080022ac                HAL_I2CEx_ConfigDigitalFilter
 *fill*         0x00000000080022f6        0x2 
 .text.HAL_PWREx_GetVoltageRange
                0x00000000080022f8       0x10 ./Drivers/STM32L4xx_HAL_Driver/Src/stm32l4xx_hal_pwr_ex.o
                0x00000000080022f8                HAL_PWREx_GetVoltageRange
 .text.HAL_PWREx_ControlVoltageScaling
                0x0000000008002308       0x6c ./Drivers/STM32L4xx_HAL_Driver/Src/stm32l4xx_hal_pwr_ex.o
                0x0000000008002308                HAL_PWREx_ControlVoltageScaling
 .text.RCC_SetFlashLatencyFromMSIRange
                0x0000000008002374       0x84 ./Drivers/STM32L4xx_HAL_Driver/Src/stm32l4xx_hal_rcc.o
 .text.HAL_RCC_GetSysClockFreq
                0x00000000080023f8       0x9c ./Drivers/STM32L4xx_HAL_Driver/Src/stm32l4xx_hal_rcc.o
                0x00000000080023f8                HAL_RCC_GetSysClockFreq
 .text.HAL_RCC_OscConfig
                0x0000000008002494      0x548 ./Drivers/STM32L4xx_HAL_Driver/Src/stm32l4xx_hal_rcc.o
                0x0000000008002494                HAL_RCC_OscConfig
 .text.HAL_RCC_ClockConfig
                0x00000000080029dc      0x154 ./Drivers/STM32L4xx_HAL_Driver/Src/stm32l4xx_hal_rcc.o
                0x00000000080029dc                HAL_RCC_ClockConfig
 .text.RCCEx_PLLSAI1_Config
                0x0000000008002b30      0x114 ./Drivers/STM32L4xx_HAL_Driver/Src/stm32l4xx_hal_rcc_ex.o
 .text.HAL_RCCEx_PeriphCLKConfig
                0x0000000008002c44      0x31c ./Drivers/STM32L4xx_HAL_Driver/Src/stm32l4xx_hal_rcc_ex.o
                0x0000000008002c44                HAL_RCCEx_PeriphCLKConfig
 .text.HAL_SPI_Init
                0x0000000008002f60       0xd4 ./Drivers/STM32L4xx_HAL_Driver/Src/stm32l4xx_hal_spi.o
                0x0000000008002f60                HAL_SPI_Init
 .text.HAL_TIM_OC_DelayElapsedCallback
                0x0000000008003034        0x2 ./Drivers/STM32L4xx_HAL_Driver/Src/stm32l4xx_hal_tim.o
                0x0000000008003034                HAL_TIM_OC_DelayElapsedCallback
 .text.HAL_TIM_IC_CaptureCallback
                0x0000000008003036        0x2 ./Drivers/STM32L4xx_HAL_Driver/Src/stm32l4xx_hal_tim.o
                0x0000000008003036                HAL_TIM_IC_CaptureCallback
 .text.HAL_TIM_PWM_PulseFinishedCallback
                0x0000000008003038        0x2 ./Drivers/STM32L4xx_HAL_Driver/Src/stm32l4xx_hal_tim.o
                0x0000000008003038                HAL_TIM_PWM_PulseFinishedCallback
 .text.HAL_TIM_TriggerCallback
                0x000000000800303a        0x2 ./Drivers/STM32L4xx_HAL_Driver/Src/stm32l4xx_hal_tim.o
                0x000000000800303a                HAL_TIM_TriggerCallback
 .text.HAL_TIM_IRQHandler
                0x000000000800303c      0x160 ./Drivers/STM32L4xx_HAL_Driver/Src/stm32l4xx_hal_tim.o
                0x000000000800303c                HAL_TIM_IRQHandler
 .text.TIM_Base_SetConfig
                0x000000000800319c       0x84 ./Drivers/STM32L4xx_HAL_Driver/Src/stm32l4xx_hal_tim.o
                0x000000000800319c                TIM_Base_SetConfig
 .text.HAL_TIM_Base_Init
                0x0000000008003220       0x60 ./Drivers/STM32L4xx_HAL_Driver/Src/stm32l4xx_hal_tim.o
                0x0000000008003220                HAL_TIM_Base_Init
 .text.TIM_ETR_SetConfig
                0x0000000008003280       0x14 ./Drivers/STM32L4xx_HAL_Driver/Src/stm32l4xx_hal_tim.o
                0x0000000008003280                TIM_ETR_SetConfig
 .text.HAL_TIM_ConfigClockSource
                0x0000000008003294      0x138 ./Drivers/STM32L4xx_HAL_Driver/Src/stm32l4xx_hal_tim.o
                0x0000000008003294                HAL_TIM_ConfigClockSource
 .text.HAL_TIMEx_MasterConfigSynchronization
                0x00000000080033cc       0x6c ./Drivers/STM32L4xx_HAL_Driver/Src/stm32l4xx_hal_tim_ex.o
                0x00000000080033cc                HAL_TIMEx_MasterConfigSynchronization
 .text.HAL_TIMEx_CommutCallback
                0x0000000008003438        0x2 ./Drivers/STM32L4xx_HAL_Driver/Src/stm32l4xx_hal_tim_ex.o
                0x0000000008003438                HAL_TIMEx_CommutCallback
 .text.HAL_TIMEx_BreakCallback
                0x000000000800343a        0x2 ./Drivers/STM32L4xx_HAL_Driver/Src/stm32l4xx_hal_tim_ex.o
                0x000000000800343a                HAL_TIMEx_BreakCallback
 .text.HAL_TIMEx_Break2Callback
                0x000000000800343c        0x2 ./Drivers/STM32L4xx_HAL_Driver/Src/stm32l4xx_hal_tim_ex.o
                0x000000000800343c                HAL_TIMEx_Break2Callback
 *fill*         0x000000000800343e        0x2 
 .text.HEAT_enableHeater
                0x0000000008003440       0x10 ./Drivers/heaters.o
                0x0000000008003440                HEAT_enableHeater
 .text.HEAT_disableHeater
                0x0000000008003450       0x10 ./Drivers/heaters.o
                0x0000000008003450                HEAT_disableHeater
 .text.LED_enableLED
                0x0000000008003460       0x10 ./Drivers/leds.o
                0x0000000008003460                LED_enableLED
 .text.LED_disableLED
                0x0000000008003470       0x10 ./Drivers/leds.o
                0x0000000008003470                LED_disableLED
 .text.TEMP_getWellTemperatureReading
                0x0000000008003480       0x60 ./Drivers/temperatures.o
                0x0000000008003480                TEMP_getWellTemperatureReading
 .text.THERM_enableThermostat
                0x00000000080034e0       0x18 ./Drivers/thermostats.o
                0x00000000080034e0                THERM_enableThermostat
 .text.THERM_disableThermostat
                0x00000000080034f8       0x18 ./Drivers/thermostats.o
                0x00000000080034f8                THERM_disableThermostat
 .text.MAX6822_Toggle_WDI
                0x0000000008003510       0x10 ./Drivers/lowlevel/max6822.o
                0x0000000008003510                MAX6822_Toggle_WDI
 .text.MAX6822_Manual_Reset
                0x0000000008003520       0x10 ./Drivers/lowlevel/max6822.o
                0x0000000008003520                MAX6822_Manual_Reset
 .text.MAX7300_Init
                0x0000000008003530       0xa4 ./Drivers/lowlevel/max7300.o
                0x0000000008003530                MAX7300_Init
 .text.MAX7300_setPin
                0x00000000080035d4       0x38 ./Drivers/lowlevel/max7300.o
                0x00000000080035d4                MAX7300_setPin
 .text.__libc_init_array
                0x000000000800360c       0x48 d:/stmicroelectronics/stm32cubeide_1.10.1/stm32cubeide/plugins/com.st.stm32cube.ide.mcu.externaltools.gnu-tools-for-stm32.10.3-2021.10.win32_1.0.0.202111181127/tools/bin/../lib/gcc/arm-none-eabi/10.3.1/../../../../arm-none-eabi/lib/thumb/v7e-m+fp/hard\libc_nano.a(lib_a-init.o)
                0x000000000800360c                __libc_init_array
 .text.memset   0x0000000008003654       0x10 d:/stmicroelectronics/stm32cubeide_1.10.1/stm32cubeide/plugins/com.st.stm32cube.ide.mcu.externaltools.gnu-tools-for-stm32.10.3-2021.10.win32_1.0.0.202111181127/tools/bin/../lib/gcc/arm-none-eabi/10.3.1/../../../../arm-none-eabi/lib/thumb/v7e-m+fp/hard\libc_nano.a(lib_a-memset.o)
                0x0000000008003654                memset
 *(.glue_7)
 .glue_7        0x0000000008003664        0x0 linker stubs
 *(.glue_7t)
 .glue_7t       0x0000000008003664        0x0 linker stubs
 *(.eh_frame)
 .eh_frame      0x0000000008003664        0x0 d:/stmicroelectronics/stm32cubeide_1.10.1/stm32cubeide/plugins/com.st.stm32cube.ide.mcu.externaltools.gnu-tools-for-stm32.10.3-2021.10.win32_1.0.0.202111181127/tools/bin/../lib/gcc/arm-none-eabi/10.3.1/thumb/v7e-m+fp/hard/crtbegin.o
 *(.init)
 .init          0x0000000008003664        0x4 d:/stmicroelectronics/stm32cubeide_1.10.1/stm32cubeide/plugins/com.st.stm32cube.ide.mcu.externaltools.gnu-tools-for-stm32.10.3-2021.10.win32_1.0.0.202111181127/tools/bin/../lib/gcc/arm-none-eabi/10.3.1/thumb/v7e-m+fp/hard/crti.o
                0x0000000008003664                _init
 .init          0x0000000008003668        0x8 d:/stmicroelectronics/stm32cubeide_1.10.1/stm32cubeide/plugins/com.st.stm32cube.ide.mcu.externaltools.gnu-tools-for-stm32.10.3-2021.10.win32_1.0.0.202111181127/tools/bin/../lib/gcc/arm-none-eabi/10.3.1/thumb/v7e-m+fp/hard/crtn.o
 *(.fini)
 .fini          0x0000000008003670        0x4 d:/stmicroelectronics/stm32cubeide_1.10.1/stm32cubeide/plugins/com.st.stm32cube.ide.mcu.externaltools.gnu-tools-for-stm32.10.3-2021.10.win32_1.0.0.202111181127/tools/bin/../lib/gcc/arm-none-eabi/10.3.1/thumb/v7e-m+fp/hard/crti.o
                0x0000000008003670                _fini
 .fini          0x0000000008003674        0x8 d:/stmicroelectronics/stm32cubeide_1.10.1/stm32cubeide/plugins/com.st.stm32cube.ide.mcu.externaltools.gnu-tools-for-stm32.10.3-2021.10.win32_1.0.0.202111181127/tools/bin/../lib/gcc/arm-none-eabi/10.3.1/thumb/v7e-m+fp/hard/crtn.o
                0x000000000800367c                . = ALIGN (0x4)
                0x000000000800367c                _etext = .

.vfp11_veneer   0x000000000800367c        0x0
 .vfp11_veneer  0x000000000800367c        0x0 linker stubs

.v4_bx          0x000000000800367c        0x0
 .v4_bx         0x000000000800367c        0x0 linker stubs

.iplt           0x000000000800367c        0x0
 .iplt          0x000000000800367c        0x0 d:/stmicroelectronics/stm32cubeide_1.10.1/stm32cubeide/plugins/com.st.stm32cube.ide.mcu.externaltools.gnu-tools-for-stm32.10.3-2021.10.win32_1.0.0.202111181127/tools/bin/../lib/gcc/arm-none-eabi/10.3.1/thumb/v7e-m+fp/hard/crtbegin.o

.rodata         0x000000000800367c       0x9c
                0x000000000800367c                . = ALIGN (0x4)
 *(.rodata)
 *(.rodata*)
 .rodata.AHBPrescTable
                0x000000000800367c       0x10 ./Core/Src/system_stm32l4xx.o
                0x000000000800367c                AHBPrescTable
 .rodata.MSIRangeTable
                0x000000000800368c       0x30 ./Core/Src/system_stm32l4xx.o
                0x000000000800368c                MSIRangeTable
 .rodata.HEATERIDS
                0x00000000080036bc        0xb ./Drivers/heaters.o
                0x00000000080036bc                HEATERIDS
 .rodata.LEDPINS
                0x00000000080036c7        0xb ./Drivers/leds.o
                0x00000000080036c7                LEDPINS
 *fill*         0x00000000080036d2        0x2 
 .rodata.ADCCHANNELS
                0x00000000080036d4       0x2c ./Drivers/temperatures.o
                0x00000000080036d4                ADCCHANNELS
 .rodata.THERMPINS
                0x0000000008003700       0x16 ./Drivers/thermostats.o
                0x0000000008003700                THERMPINS
                0x0000000008003718                . = ALIGN (0x4)
 *fill*         0x0000000008003716        0x2 

.rel.dyn        0x0000000008003718        0x0
 .rel.iplt      0x0000000008003718        0x0 d:/stmicroelectronics/stm32cubeide_1.10.1/stm32cubeide/plugins/com.st.stm32cube.ide.mcu.externaltools.gnu-tools-for-stm32.10.3-2021.10.win32_1.0.0.202111181127/tools/bin/../lib/gcc/arm-none-eabi/10.3.1/thumb/v7e-m+fp/hard/crtbegin.o

.ARM.extab      0x0000000008003718        0x0
                0x0000000008003718                . = ALIGN (0x4)
 *(.ARM.extab* .gnu.linkonce.armextab.*)
                0x0000000008003718                . = ALIGN (0x4)

.ARM            0x0000000008003718        0x0
                0x0000000008003718                . = ALIGN (0x4)
                0x0000000008003718                __exidx_start = .
 *(.ARM.exidx*)
                0x0000000008003718                __exidx_end = .
                0x0000000008003718                . = ALIGN (0x4)

.preinit_array  0x0000000008003718        0x0
                0x0000000008003718                . = ALIGN (0x4)
                0x0000000008003718                PROVIDE (__preinit_array_start = .)
 *(.preinit_array*)
                0x0000000008003718                PROVIDE (__preinit_array_end = .)
                0x0000000008003718                . = ALIGN (0x4)

.init_array     0x0000000008003718        0x4
                0x0000000008003718                . = ALIGN (0x4)
                0x0000000008003718                PROVIDE (__init_array_start = .)
 *(SORT_BY_NAME(.init_array.*))
 *(.init_array*)
 .init_array    0x0000000008003718        0x4 d:/stmicroelectronics/stm32cubeide_1.10.1/stm32cubeide/plugins/com.st.stm32cube.ide.mcu.externaltools.gnu-tools-for-stm32.10.3-2021.10.win32_1.0.0.202111181127/tools/bin/../lib/gcc/arm-none-eabi/10.3.1/thumb/v7e-m+fp/hard/crtbegin.o
                0x000000000800371c                PROVIDE (__init_array_end = .)
                0x000000000800371c                . = ALIGN (0x4)

.fini_array     0x000000000800371c        0x4
                0x000000000800371c                . = ALIGN (0x4)
                [!provide]                        PROVIDE (__fini_array_start = .)
 *(SORT_BY_NAME(.fini_array.*))
 *(.fini_array*)
 .fini_array    0x000000000800371c        0x4 d:/stmicroelectronics/stm32cubeide_1.10.1/stm32cubeide/plugins/com.st.stm32cube.ide.mcu.externaltools.gnu-tools-for-stm32.10.3-2021.10.win32_1.0.0.202111181127/tools/bin/../lib/gcc/arm-none-eabi/10.3.1/thumb/v7e-m+fp/hard/crtbegin.o
                [!provide]                        PROVIDE (__fini_array_end = .)
                0x0000000008003720                . = ALIGN (0x4)
                0x0000000008003720                _sidata = LOADADDR (.data)

.data           0x0000000020000000        0xc load address 0x0000000008003720
                0x0000000020000000                . = ALIGN (0x4)
                0x0000000020000000                _sdata = .
 *(.data)
 *(.data*)
 .data.SystemCoreClock
                0x0000000020000000        0x4 ./Core/Src/system_stm32l4xx.o
                0x0000000020000000                SystemCoreClock
 .data.uwTickFreq
                0x0000000020000004        0x1 ./Drivers/STM32L4xx_HAL_Driver/Src/stm32l4xx_hal.o
                0x0000000020000004                uwTickFreq
 *fill*         0x0000000020000005        0x3 
 .data.uwTickPrio
                0x0000000020000008        0x4 ./Drivers/STM32L4xx_HAL_Driver/Src/stm32l4xx_hal.o
                0x0000000020000008                uwTickPrio
 *(.RamFunc)
 *(.RamFunc*)
                0x000000002000000c                . = ALIGN (0x4)
                0x000000002000000c                _edata = .

.igot.plt       0x000000002000000c        0x0 load address 0x000000000800372c
 .igot.plt      0x000000002000000c        0x0 d:/stmicroelectronics/stm32cubeide_1.10.1/stm32cubeide/plugins/com.st.stm32cube.ide.mcu.externaltools.gnu-tools-for-stm32.10.3-2021.10.win32_1.0.0.202111181127/tools/bin/../lib/gcc/arm-none-eabi/10.3.1/thumb/v7e-m+fp/hard/crtbegin.o
                0x000000002000000c                . = ALIGN (0x4)

.bss            0x000000002000000c      0x6ac load address 0x000000000800372c
                0x000000002000000c                _sbss = .
                0x000000002000000c                __bss_start__ = _sbss
 *(.bss)
 .bss           0x000000002000000c       0x1c d:/stmicroelectronics/stm32cubeide_1.10.1/stm32cubeide/plugins/com.st.stm32cube.ide.mcu.externaltools.gnu-tools-for-stm32.10.3-2021.10.win32_1.0.0.202111181127/tools/bin/../lib/gcc/arm-none-eabi/10.3.1/thumb/v7e-m+fp/hard/crtbegin.o
 *(.bss*)
 .bss.hadc1     0x0000000020000028       0x68 ./Core/Src/adc.o
                0x0000000020000028                hadc1
 .bss.hcan1     0x0000000020000090       0x28 ./Core/Src/can.o
                0x0000000020000090                hcan1
 .bss.hi2c1     0x00000000200000b8       0x54 ./Core/Src/i2c.o
                0x00000000200000b8                hi2c1
 .bss.can_queue
                0x000000002000010c      0x454 ./Core/Src/main.o
                0x000000002000010c                can_queue
 .bss.secondsCounter
                0x0000000020000560        0x1 ./Core/Src/main.o
                0x0000000020000560                secondsCounter
 *fill*         0x0000000020000561        0x3 
 .bss.hspi3     0x0000000020000564       0x64 ./Core/Src/spi.o
                0x0000000020000564                hspi3
 .bss.htim2     0x00000000200005c8       0x4c ./Core/Src/tim.o
                0x00000000200005c8                htim2
 .bss.uwTick    0x0000000020000614        0x4 ./Drivers/STM32L4xx_HAL_Driver/Src/stm32l4xx_hal.o
                0x0000000020000614                uwTick
 .bss.PORTREGISTERS
                0x0000000020000618       0x20 ./Drivers/lowlevel/max7300.o
                0x0000000020000618                PORTREGISTERS
 .bss.payloadBuffer
                0x0000000020000638       0x80 ./Drivers/lowlevel/max7300.o
                0x0000000020000638                payloadBuffer
 *(COMMON)
                0x00000000200006b8                . = ALIGN (0x4)
                0x00000000200006b8                _ebss = .
                0x00000000200006b8                __bss_end__ = _ebss

._user_heap_stack
                0x00000000200006b8      0x600 load address 0x000000000800372c
                0x00000000200006b8                . = ALIGN (0x8)
                [!provide]                        PROVIDE (end = .)
                0x00000000200006b8                PROVIDE (_end = .)
                0x00000000200008b8                . = (. + _Min_Heap_Size)
 *fill*         0x00000000200006b8      0x200 
                0x0000000020000cb8                . = (. + _Min_Stack_Size)
 *fill*         0x00000000200008b8      0x400 
                0x0000000020000cb8                . = ALIGN (0x8)

/DISCARD/
 libc.a(*)
 libm.a(*)
 libgcc.a(*)

.ARM.attributes
                0x0000000000000000       0x30
 *(.ARM.attributes)
 .ARM.attributes
                0x0000000000000000       0x1e d:/stmicroelectronics/stm32cubeide_1.10.1/stm32cubeide/plugins/com.st.stm32cube.ide.mcu.externaltools.gnu-tools-for-stm32.10.3-2021.10.win32_1.0.0.202111181127/tools/bin/../lib/gcc/arm-none-eabi/10.3.1/thumb/v7e-m+fp/hard/crti.o
 .ARM.attributes
                0x000000000000001e       0x34 d:/stmicroelectronics/stm32cubeide_1.10.1/stm32cubeide/plugins/com.st.stm32cube.ide.mcu.externaltools.gnu-tools-for-stm32.10.3-2021.10.win32_1.0.0.202111181127/tools/bin/../lib/gcc/arm-none-eabi/10.3.1/thumb/v7e-m+fp/hard/crtbegin.o
 .ARM.attributes
                0x0000000000000052       0x34 ./Core/Src/adc.o
 .ARM.attributes
                0x0000000000000086       0x34 ./Core/Src/can.o
 .ARM.attributes
                0x00000000000000ba       0x34 ./Core/Src/can_driver.o
 .ARM.attributes
                0x00000000000000ee       0x34 ./Core/Src/can_message_queue.o
 .ARM.attributes
                0x0000000000000122       0x34 ./Core/Src/gpio.o
 .ARM.attributes
                0x0000000000000156       0x34 ./Core/Src/i2c.o
 .ARM.attributes
                0x000000000000018a       0x34 ./Core/Src/main.o
 .ARM.attributes
                0x00000000000001be       0x34 ./Core/Src/spi.o
 .ARM.attributes
                0x00000000000001f2       0x34 ./Core/Src/stm32l4xx_hal_msp.o
 .ARM.attributes
                0x0000000000000226       0x34 ./Core/Src/stm32l4xx_it.o
 .ARM.attributes
                0x000000000000025a       0x34 ./Core/Src/system_stm32l4xx.o
 .ARM.attributes
                0x000000000000028e       0x34 ./Core/Src/tim.o
 .ARM.attributes
                0x00000000000002c2       0x21 ./Core/Startup/startup_stm32l452retx.o
 .ARM.attributes
                0x00000000000002e3       0x34 ./Drivers/STM32L4xx_HAL_Driver/Src/stm32l4xx_hal.o
 .ARM.attributes
                0x0000000000000317       0x34 ./Drivers/STM32L4xx_HAL_Driver/Src/stm32l4xx_hal_adc.o
 .ARM.attributes
                0x000000000000034b       0x34 ./Drivers/STM32L4xx_HAL_Driver/Src/stm32l4xx_hal_adc_ex.o
 .ARM.attributes
                0x000000000000037f       0x34 ./Drivers/STM32L4xx_HAL_Driver/Src/stm32l4xx_hal_can.o
 .ARM.attributes
                0x00000000000003b3       0x34 ./Drivers/STM32L4xx_HAL_Driver/Src/stm32l4xx_hal_cortex.o
 .ARM.attributes
                0x00000000000003e7       0x34 ./Drivers/STM32L4xx_HAL_Driver/Src/stm32l4xx_hal_gpio.o
 .ARM.attributes
                0x000000000000041b       0x34 ./Drivers/STM32L4xx_HAL_Driver/Src/stm32l4xx_hal_i2c.o
 .ARM.attributes
                0x000000000000044f       0x34 ./Drivers/STM32L4xx_HAL_Driver/Src/stm32l4xx_hal_i2c_ex.o
 .ARM.attributes
                0x0000000000000483       0x34 ./Drivers/STM32L4xx_HAL_Driver/Src/stm32l4xx_hal_pwr_ex.o
 .ARM.attributes
                0x00000000000004b7       0x34 ./Drivers/STM32L4xx_HAL_Driver/Src/stm32l4xx_hal_rcc.o
 .ARM.attributes
                0x00000000000004eb       0x34 ./Drivers/STM32L4xx_HAL_Driver/Src/stm32l4xx_hal_rcc_ex.o
 .ARM.attributes
                0x000000000000051f       0x34 ./Drivers/STM32L4xx_HAL_Driver/Src/stm32l4xx_hal_spi.o
 .ARM.attributes
                0x0000000000000553       0x34 ./Drivers/STM32L4xx_HAL_Driver/Src/stm32l4xx_hal_tim.o
 .ARM.attributes
                0x0000000000000587       0x34 ./Drivers/STM32L4xx_HAL_Driver/Src/stm32l4xx_hal_tim_ex.o
 .ARM.attributes
                0x00000000000005bb       0x34 ./Drivers/heaters.o
 .ARM.attributes
                0x00000000000005ef       0x34 ./Drivers/leds.o
 .ARM.attributes
                0x0000000000000623       0x34 ./Drivers/temperatures.o
 .ARM.attributes
                0x0000000000000657       0x34 ./Drivers/thermostats.o
 .ARM.attributes
                0x000000000000068b       0x34 ./Drivers/lowlevel/max6822.o
 .ARM.attributes
                0x00000000000006bf       0x34 ./Drivers/lowlevel/max7300.o
 .ARM.attributes
                0x00000000000006f3       0x34 d:/stmicroelectronics/stm32cubeide_1.10.1/stm32cubeide/plugins/com.st.stm32cube.ide.mcu.externaltools.gnu-tools-for-stm32.10.3-2021.10.win32_1.0.0.202111181127/tools/bin/../lib/gcc/arm-none-eabi/10.3.1/../../../../arm-none-eabi/lib/thumb/v7e-m+fp/hard\libc_nano.a(lib_a-init.o)
 .ARM.attributes
                0x0000000000000727       0x34 d:/stmicroelectronics/stm32cubeide_1.10.1/stm32cubeide/plugins/com.st.stm32cube.ide.mcu.externaltools.gnu-tools-for-stm32.10.3-2021.10.win32_1.0.0.202111181127/tools/bin/../lib/gcc/arm-none-eabi/10.3.1/../../../../arm-none-eabi/lib/thumb/v7e-m+fp/hard\libc_nano.a(lib_a-memset.o)
 .ARM.attributes
                0x000000000000075b       0x1e d:/stmicroelectronics/stm32cubeide_1.10.1/stm32cubeide/plugins/com.st.stm32cube.ide.mcu.externaltools.gnu-tools-for-stm32.10.3-2021.10.win32_1.0.0.202111181127/tools/bin/../lib/gcc/arm-none-eabi/10.3.1/thumb/v7e-m+fp/hard/crtn.o
OUTPUT(Payload PCB.elf elf32-littlearm)
LOAD linker stubs
LOAD d:/stmicroelectronics/stm32cubeide_1.10.1/stm32cubeide/plugins/com.st.stm32cube.ide.mcu.externaltools.gnu-tools-for-stm32.10.3-2021.10.win32_1.0.0.202111181127/tools/bin/../lib/gcc/arm-none-eabi/10.3.1/../../../../arm-none-eabi/lib/thumb/v7e-m+fp/hard\libc.a
LOAD d:/stmicroelectronics/stm32cubeide_1.10.1/stm32cubeide/plugins/com.st.stm32cube.ide.mcu.externaltools.gnu-tools-for-stm32.10.3-2021.10.win32_1.0.0.202111181127/tools/bin/../lib/gcc/arm-none-eabi/10.3.1/../../../../arm-none-eabi/lib/thumb/v7e-m+fp/hard\libm.a
LOAD d:/stmicroelectronics/stm32cubeide_1.10.1/stm32cubeide/plugins/com.st.stm32cube.ide.mcu.externaltools.gnu-tools-for-stm32.10.3-2021.10.win32_1.0.0.202111181127/tools/bin/../lib/gcc/arm-none-eabi/10.3.1/thumb/v7e-m+fp/hard\libgcc.a

.comment        0x0000000000000000       0x50
 .comment       0x0000000000000000       0x50 ./Core/Src/adc.o
                                         0x51 (size before relaxing)
 .comment       0x0000000000000050       0x51 ./Core/Src/can.o
 .comment       0x0000000000000050       0x51 ./Core/Src/can_driver.o
 .comment       0x0000000000000050       0x51 ./Core/Src/can_message_queue.o
 .comment       0x0000000000000050       0x51 ./Core/Src/gpio.o
 .comment       0x0000000000000050       0x51 ./Core/Src/i2c.o
 .comment       0x0000000000000050       0x51 ./Core/Src/main.o
 .comment       0x0000000000000050       0x51 ./Core/Src/spi.o
 .comment       0x0000000000000050       0x51 ./Core/Src/stm32l4xx_hal_msp.o
 .comment       0x0000000000000050       0x51 ./Core/Src/stm32l4xx_it.o
 .comment       0x0000000000000050       0x51 ./Core/Src/system_stm32l4xx.o
 .comment       0x0000000000000050       0x51 ./Core/Src/tim.o
 .comment       0x0000000000000050       0x51 ./Drivers/STM32L4xx_HAL_Driver/Src/stm32l4xx_hal.o
 .comment       0x0000000000000050       0x51 ./Drivers/STM32L4xx_HAL_Driver/Src/stm32l4xx_hal_adc.o
 .comment       0x0000000000000050       0x51 ./Drivers/STM32L4xx_HAL_Driver/Src/stm32l4xx_hal_adc_ex.o
 .comment       0x0000000000000050       0x51 ./Drivers/STM32L4xx_HAL_Driver/Src/stm32l4xx_hal_can.o
 .comment       0x0000000000000050       0x51 ./Drivers/STM32L4xx_HAL_Driver/Src/stm32l4xx_hal_cortex.o
 .comment       0x0000000000000050       0x51 ./Drivers/STM32L4xx_HAL_Driver/Src/stm32l4xx_hal_gpio.o
 .comment       0x0000000000000050       0x51 ./Drivers/STM32L4xx_HAL_Driver/Src/stm32l4xx_hal_i2c.o
 .comment       0x0000000000000050       0x51 ./Drivers/STM32L4xx_HAL_Driver/Src/stm32l4xx_hal_i2c_ex.o
 .comment       0x0000000000000050       0x51 ./Drivers/STM32L4xx_HAL_Driver/Src/stm32l4xx_hal_pwr_ex.o
 .comment       0x0000000000000050       0x51 ./Drivers/STM32L4xx_HAL_Driver/Src/stm32l4xx_hal_rcc.o
 .comment       0x0000000000000050       0x51 ./Drivers/STM32L4xx_HAL_Driver/Src/stm32l4xx_hal_rcc_ex.o
 .comment       0x0000000000000050       0x51 ./Drivers/STM32L4xx_HAL_Driver/Src/stm32l4xx_hal_spi.o
 .comment       0x0000000000000050       0x51 ./Drivers/STM32L4xx_HAL_Driver/Src/stm32l4xx_hal_tim.o
 .comment       0x0000000000000050       0x51 ./Drivers/STM32L4xx_HAL_Driver/Src/stm32l4xx_hal_tim_ex.o
 .comment       0x0000000000000050       0x51 ./Drivers/heaters.o
 .comment       0x0000000000000050       0x51 ./Drivers/leds.o
 .comment       0x0000000000000050       0x51 ./Drivers/temperatures.o
 .comment       0x0000000000000050       0x51 ./Drivers/thermostats.o
 .comment       0x0000000000000050       0x51 ./Drivers/lowlevel/max6822.o
 .comment       0x0000000000000050       0x51 ./Drivers/lowlevel/max7300.o

.debug_frame    0x0000000000000000       0x4c
 .debug_frame   0x0000000000000000       0x2c d:/stmicroelectronics/stm32cubeide_1.10.1/stm32cubeide/plugins/com.st.stm32cube.ide.mcu.externaltools.gnu-tools-for-stm32.10.3-2021.10.win32_1.0.0.202111181127/tools/bin/../lib/gcc/arm-none-eabi/10.3.1/../../../../arm-none-eabi/lib/thumb/v7e-m+fp/hard\libc_nano.a(lib_a-init.o)
 .debug_frame   0x000000000000002c       0x20 d:/stmicroelectronics/stm32cubeide_1.10.1/stm32cubeide/plugins/com.st.stm32cube.ide.mcu.externaltools.gnu-tools-for-stm32.10.3-2021.10.win32_1.0.0.202111181127/tools/bin/../lib/gcc/arm-none-eabi/10.3.1/../../../../arm-none-eabi/lib/thumb/v7e-m+fp/hard\libc_nano.a(lib_a-memset.o)
