Archive member included to satisfy reference by file (symbol)

c:/program files (x86)/stm32cubeide_1.10.1/stm32cubeide/plugins/com.st.stm32cube.ide.mcu.externaltools.gnu-tools-for-stm32.10.3-2021.10.win32_1.0.0.202111181127/tools/bin/../lib/gcc/arm-none-eabi/10.3.1/../../../../arm-none-eabi/lib/thumb/v7e-m+fp/hard\libc_nano.a(lib_a-errno.o)
                              ./Core/Src/syscalls.o (__errno)
c:/program files (x86)/stm32cubeide_1.10.1/stm32cubeide/plugins/com.st.stm32cube.ide.mcu.externaltools.gnu-tools-for-stm32.10.3-2021.10.win32_1.0.0.202111181127/tools/bin/../lib/gcc/arm-none-eabi/10.3.1/../../../../arm-none-eabi/lib/thumb/v7e-m+fp/hard\libc_nano.a(lib_a-exit.o)
                              c:/program files (x86)/stm32cubeide_1.10.1/stm32cubeide/plugins/com.st.stm32cube.ide.mcu.externaltools.gnu-tools-for-stm32.10.3-2021.10.win32_1.0.0.202111181127/tools/bin/../lib/gcc/arm-none-eabi/10.3.1/../../../../arm-none-eabi/lib/thumb/v7e-m+fp/hard/crt0.o (exit)
c:/program files (x86)/stm32cubeide_1.10.1/stm32cubeide/plugins/com.st.stm32cube.ide.mcu.externaltools.gnu-tools-for-stm32.10.3-2021.10.win32_1.0.0.202111181127/tools/bin/../lib/gcc/arm-none-eabi/10.3.1/../../../../arm-none-eabi/lib/thumb/v7e-m+fp/hard\libc_nano.a(lib_a-impure.o)
                              c:/program files (x86)/stm32cubeide_1.10.1/stm32cubeide/plugins/com.st.stm32cube.ide.mcu.externaltools.gnu-tools-for-stm32.10.3-2021.10.win32_1.0.0.202111181127/tools/bin/../lib/gcc/arm-none-eabi/10.3.1/../../../../arm-none-eabi/lib/thumb/v7e-m+fp/hard\libc_nano.a(lib_a-exit.o) (_global_impure_ptr)
c:/program files (x86)/stm32cubeide_1.10.1/stm32cubeide/plugins/com.st.stm32cube.ide.mcu.externaltools.gnu-tools-for-stm32.10.3-2021.10.win32_1.0.0.202111181127/tools/bin/../lib/gcc/arm-none-eabi/10.3.1/../../../../arm-none-eabi/lib/thumb/v7e-m+fp/hard\libc_nano.a(lib_a-init.o)
                              c:/program files (x86)/stm32cubeide_1.10.1/stm32cubeide/plugins/com.st.stm32cube.ide.mcu.externaltools.gnu-tools-for-stm32.10.3-2021.10.win32_1.0.0.202111181127/tools/bin/../lib/gcc/arm-none-eabi/10.3.1/../../../../arm-none-eabi/lib/thumb/v7e-m+fp/hard/crt0.o (__libc_init_array)
c:/program files (x86)/stm32cubeide_1.10.1/stm32cubeide/plugins/com.st.stm32cube.ide.mcu.externaltools.gnu-tools-for-stm32.10.3-2021.10.win32_1.0.0.202111181127/tools/bin/../lib/gcc/arm-none-eabi/10.3.1/../../../../arm-none-eabi/lib/thumb/v7e-m+fp/hard\libc_nano.a(lib_a-memset.o)
                              c:/program files (x86)/stm32cubeide_1.10.1/stm32cubeide/plugins/com.st.stm32cube.ide.mcu.externaltools.gnu-tools-for-stm32.10.3-2021.10.win32_1.0.0.202111181127/tools/bin/../lib/gcc/arm-none-eabi/10.3.1/../../../../arm-none-eabi/lib/thumb/v7e-m+fp/hard/crt0.o (memset)

Discarded input sections

 .text          0x0000000000000000        0x0 c:/program files (x86)/stm32cubeide_1.10.1/stm32cubeide/plugins/com.st.stm32cube.ide.mcu.externaltools.gnu-tools-for-stm32.10.3-2021.10.win32_1.0.0.202111181127/tools/bin/../lib/gcc/arm-none-eabi/10.3.1/thumb/v7e-m+fp/hard/crti.o
 .data          0x0000000000000000        0x0 c:/program files (x86)/stm32cubeide_1.10.1/stm32cubeide/plugins/com.st.stm32cube.ide.mcu.externaltools.gnu-tools-for-stm32.10.3-2021.10.win32_1.0.0.202111181127/tools/bin/../lib/gcc/arm-none-eabi/10.3.1/thumb/v7e-m+fp/hard/crti.o
 .bss           0x0000000000000000        0x0 c:/program files (x86)/stm32cubeide_1.10.1/stm32cubeide/plugins/com.st.stm32cube.ide.mcu.externaltools.gnu-tools-for-stm32.10.3-2021.10.win32_1.0.0.202111181127/tools/bin/../lib/gcc/arm-none-eabi/10.3.1/thumb/v7e-m+fp/hard/crti.o
 .data          0x0000000000000000        0x4 c:/program files (x86)/stm32cubeide_1.10.1/stm32cubeide/plugins/com.st.stm32cube.ide.mcu.externaltools.gnu-tools-for-stm32.10.3-2021.10.win32_1.0.0.202111181127/tools/bin/../lib/gcc/arm-none-eabi/10.3.1/thumb/v7e-m+fp/hard/crtbegin.o
 .rodata        0x0000000000000000       0x24 c:/program files (x86)/stm32cubeide_1.10.1/stm32cubeide/plugins/com.st.stm32cube.ide.mcu.externaltools.gnu-tools-for-stm32.10.3-2021.10.win32_1.0.0.202111181127/tools/bin/../lib/gcc/arm-none-eabi/10.3.1/thumb/v7e-m+fp/hard/crtbegin.o
 .text          0x0000000000000000       0x7c c:/program files (x86)/stm32cubeide_1.10.1/stm32cubeide/plugins/com.st.stm32cube.ide.mcu.externaltools.gnu-tools-for-stm32.10.3-2021.10.win32_1.0.0.202111181127/tools/bin/../lib/gcc/arm-none-eabi/10.3.1/../../../../arm-none-eabi/lib/thumb/v7e-m+fp/hard/crt0.o
 .data          0x0000000000000000        0x0 c:/program files (x86)/stm32cubeide_1.10.1/stm32cubeide/plugins/com.st.stm32cube.ide.mcu.externaltools.gnu-tools-for-stm32.10.3-2021.10.win32_1.0.0.202111181127/tools/bin/../lib/gcc/arm-none-eabi/10.3.1/../../../../arm-none-eabi/lib/thumb/v7e-m+fp/hard/crt0.o
[...]
Memory Configuration

Name             Origin             Length             Attributes
RAM              0x0000000020000000 0x0000000000028000 xrw
RAM2             0x0000000010000000 0x0000000000008000 xrw
FLASH            0x0000000008000000 0x0000000000080000 xr
*default*        0x0000000000000000 0xffffffffffffffff

Linker script and memory map

LOAD c:/program files (x86)/stm32cubeide_1.10.1/stm32cubeide/plugins/com.st.stm32cube.ide.mcu.externaltools.gnu-tools-for-stm32.10.3-2021.10.win32_1.0.0.202111181127/tools/bin/../lib/gcc/arm-none-eabi/10.3.1/thumb/v7e-m+fp/hard/crti.o
LOAD c:/program files (x86)/stm32cubeide_1.10.1/stm32cubeide/plugins/com.st.stm32cube.ide.mcu.externaltools.gnu-tools-for-stm32.10.3-2021.10.win32_1.0.0.202111181127/tools/bin/../lib/gcc/arm-none-eabi/10.3.1/thumb/v7e-m+fp/hard/crtbegin.o
LOAD c:/program files (x86)/stm32cubeide_1.10.1/stm32cubeide/plugins/com.st.stm32cube.ide.mcu.externaltools.gnu-tools-for-stm32.10.3-2021.10.win32_1.0.0.202111181127/tools/bin/../lib/gcc/arm-none-eabi/10.3.1/../../../../arm-none-eabi/lib/thumb/v7e-m+fp/hard/crt0.o
LOAD ./Core/Src/adc.o
LOAD ./Core/Src/can.o
LOAD ./Core/Src/gpio.o
LOAD ./Core/Src/i2c.o
LOAD ./Core/Src/main.o
LOAD ./Core/Src/spi.o
LOAD ./Core/Src/stm32l4xx_hal_msp.o
LOAD ./Core/Src/stm32l4xx_it.o
LOAD ./Core/Src/syscalls.o
LOAD ./Core/Src/sysmem.o
LOAD ./Core/Src/system_stm32l4xx.o
LOAD ./Core/Startup/startup_stm32l452retx.o
LOAD ./Drivers/STM32L4xx_HAL_Driver/Src/stm32l4xx_hal.o
LOAD ./Drivers/STM32L4xx_HAL_Driver/Src/stm32l4xx_hal_adc.o
LOAD ./Drivers/STM32L4xx_HAL_Driver/Src/stm32l4xx_hal_adc_ex.o
LOAD ./Drivers/STM32L4xx_HAL_Driver/Src/stm32l4xx_hal_can.o
LOAD ./Drivers/STM32L4xx_HAL_Driver/Src/stm32l4xx_hal_cortex.o
LOAD ./Drivers/STM32L4xx_HAL_Driver/Src/stm32l4xx_hal_dma.o
LOAD ./Drivers/STM32L4xx_HAL_Driver/Src/stm32l4xx_hal_dma_ex.o
LOAD ./Drivers/STM32L4xx_HAL_Driver/Src/stm32l4xx_hal_exti.o
LOAD ./Drivers/STM32L4xx_HAL_Driver/Src/stm32l4xx_hal_flash.o
LOAD ./Drivers/STM32L4xx_HAL_Driver/Src/stm32l4xx_hal_flash_ex.o
LOAD ./Drivers/STM32L4xx_HAL_Driver/Src/stm32l4xx_hal_flash_ramfunc.o
LOAD ./Drivers/STM32L4xx_HAL_Driver/Src/stm32l4xx_hal_gpio.o
LOAD ./Drivers/STM32L4xx_HAL_Driver/Src/stm32l4xx_hal_i2c.o
LOAD ./Drivers/STM32L4xx_HAL_Driver/Src/stm32l4xx_hal_i2c_ex.o
LOAD ./Drivers/STM32L4xx_HAL_Driver/Src/stm32l4xx_hal_pwr.o
LOAD ./Drivers/STM32L4xx_HAL_Driver/Src/stm32l4xx_hal_pwr_ex.o
LOAD ./Drivers/STM32L4xx_HAL_Driver/Src/stm32l4xx_hal_rcc.o
LOAD ./Drivers/STM32L4xx_HAL_Driver/Src/stm32l4xx_hal_rcc_ex.o
LOAD ./Drivers/STM32L4xx_HAL_Driver/Src/stm32l4xx_hal_spi.o
LOAD ./Drivers/STM32L4xx_HAL_Driver/Src/stm32l4xx_hal_spi_ex.o
LOAD ./Drivers/heaters.o
LOAD ./Drivers/max6822.o
LOAD ./Drivers/max7300.o
LOAD ./Drivers/thermostats.o
LOAD ./Drivers/tlv2553.o
START GROUP
LOAD c:/program files (x86)/stm32cubeide_1.10.1/stm32cubeide/plugins/com.st.stm32cube.ide.mcu.externaltools.gnu-tools-for-stm32.10.3-2021.10.win32_1.0.0.202111181127/tools/bin/../lib/gcc/arm-none-eabi/10.3.1/../../../../arm-none-eabi/lib/thumb/v7e-m+fp/hard\libc_nano.a
LOAD c:/program files (x86)/stm32cubeide_1.10.1/stm32cubeide/plugins/com.st.stm32cube.ide.mcu.externaltools.gnu-tools-for-stm32.10.3-2021.10.win32_1.0.0.202111181127/tools/bin/../lib/gcc/arm-none-eabi/10.3.1/../../../../arm-none-eabi/lib/thumb/v7e-m+fp/hard\libm.a
END GROUP
START GROUP
LOAD c:/program files (x86)/stm32cubeide_1.10.1/stm32cubeide/plugins/com.st.stm32cube.ide.mcu.externaltools.gnu-tools-for-stm32.10.3-2021.10.win32_1.0.0.202111181127/tools/bin/../lib/gcc/arm-none-eabi/10.3.1/thumb/v7e-m+fp/hard\libgcc.a
LOAD c:/program files (x86)/stm32cubeide_1.10.1/stm32cubeide/plugins/com.st.stm32cube.ide.mcu.externaltools.gnu-tools-for-stm32.10.3-2021.10.win32_1.0.0.202111181127/tools/bin/../lib/gcc/arm-none-eabi/10.3.1/../../../../arm-none-eabi/lib/thumb/v7e-m+fp/hard\libc_nano.a
END GROUP
START GROUP
LOAD c:/program files (x86)/stm32cubeide_1.10.1/stm32cubeide/plugins/com.st.stm32cube.ide.mcu.externaltools.gnu-tools-for-stm32.10.3-2021.10.win32_1.0.0.202111181127/tools/bin/../lib/gcc/arm-none-eabi/10.3.1/thumb/v7e-m+fp/hard\libgcc.a
LOAD c:/program files (x86)/stm32cubeide_1.10.1/stm32cubeide/plugins/com.st.stm32cube.ide.mcu.externaltools.gnu-tools-for-stm32.10.3-2021.10.win32_1.0.0.202111181127/tools/bin/../lib/gcc/arm-none-eabi/10.3.1/../../../../arm-none-eabi/lib/thumb/v7e-m+fp/hard\libc_nano.a
LOAD c:/program files (x86)/stm32cubeide_1.10.1/stm32cubeide/plugins/com.st.stm32cube.ide.mcu.externaltools.gnu-tools-for-stm32.10.3-2021.10.win32_1.0.0.202111181127/tools/bin/../lib/gcc/arm-none-eabi/10.3.1/../../../../arm-none-eabi/lib/thumb/v7e-m+fp/hard\libnosys.a
END GROUP
START GROUP
LOAD c:/program files (x86)/stm32cubeide_1.10.1/stm32cubeide/plugins/com.st.stm32cube.ide.mcu.externaltools.gnu-tools-for-stm32.10.3-2021.10.win32_1.0.0.202111181127/tools/bin/../lib/gcc/arm-none-eabi/10.3.1/thumb/v7e-m+fp/hard\libgcc.a
LOAD c:/program files (x86)/stm32cubeide_1.10.1/stm32cubeide/plugins/com.st.stm32cube.ide.mcu.externaltools.gnu-tools-for-stm32.10.3-2021.10.win32_1.0.0.202111181127/tools/bin/../lib/gcc/arm-none-eabi/10.3.1/../../../../arm-none-eabi/lib/thumb/v7e-m+fp/hard\libc_nano.a
LOAD c:/program files (x86)/stm32cubeide_1.10.1/stm32cubeide/plugins/com.st.stm32cube.ide.mcu.externaltools.gnu-tools-for-stm32.10.3-2021.10.win32_1.0.0.202111181127/tools/bin/../lib/gcc/arm-none-eabi/10.3.1/../../../../arm-none-eabi/lib/thumb/v7e-m+fp/hard\libnosys.a
END GROUP
LOAD c:/program files (x86)/stm32cubeide_1.10.1/stm32cubeide/plugins/com.st.stm32cube.ide.mcu.externaltools.gnu-tools-for-stm32.10.3-2021.10.win32_1.0.0.202111181127/tools/bin/../lib/gcc/arm-none-eabi/10.3.1/thumb/v7e-m+fp/hard/crtend.o
LOAD c:/program files (x86)/stm32cubeide_1.10.1/stm32cubeide/plugins/com.st.stm32cube.ide.mcu.externaltools.gnu-tools-for-stm32.10.3-2021.10.win32_1.0.0.202111181127/tools/bin/../lib/gcc/arm-none-eabi/10.3.1/thumb/v7e-m+fp/hard/crtn.o
                0x0000000020028000                _estack = (ORIGIN (RAM) + LENGTH (RAM))
                0x0000000000000200                _Min_Heap_Size = 0x200
                0x0000000000000400                _Min_Stack_Size = 0x400

.isr_vector     0x0000000008000000      0x194
                0x0000000008000000                . = ALIGN (0x4)
 *(.isr_vector)
 .isr_vector    0x0000000008000000      0x194 ./Core/Startup/startup_stm32l452retx.o
                0x0000000008000000                g_pfnVectors
                0x0000000008000194                . = ALIGN (0x4)

.text           0x0000000008000194     0x3d48
                0x0000000008000194                . = ALIGN (0x4)
 *(.text)
 .text          0x0000000008000194       0x40 c:/program files (x86)/stm32cubeide_1.10.1/stm32cubeide/plugins/com.st.stm32cube.ide.mcu.externaltools.gnu-tools-for-stm32.10.3-2021.10.win32_1.0.0.202111181127/tools/bin/../lib/gcc/arm-none-eabi/10.3.1/thumb/v7e-m+fp/hard/crtbegin.o
 *(.text*)
 .text.MX_ADC1_Init
                0x00000000080001d4       0xc8 ./Core/Src/adc.o
                0x00000000080001d4                MX_ADC1_Init
 .text.HAL_ADC_MspInit
                0x000000000800029c      0x104 ./Core/Src/adc.o
                0x000000000800029c                HAL_ADC_MspInit
 .text.MX_CAN1_Init
                0x00000000080003a0       0x68 ./Core/Src/can.o
                0x00000000080003a0                MX_CAN1_Init
 .text.HAL_CAN_MspInit
                0x0000000008000408       0x88 ./Core/Src/can.o
                0x0000000008000408                HAL_CAN_MspInit
 .text.MX_GPIO_Init
                0x0000000008000490       0xf4 ./Core/Src/gpio.o
                0x0000000008000490                MX_GPIO_Init
 .text.MX_I2C1_Init
                0x0000000008000584       0x7c ./Core/Src/i2c.o
                0x0000000008000584                MX_I2C1_Init
 .text.HAL_I2C_MspInit
                0x0000000008000600       0xb8 ./Core/Src/i2c.o
                0x0000000008000600                HAL_I2C_MspInit
 .text.main     0x00000000080006b8       0xa0 ./Core/Src/main.o
                0x00000000080006b8                main
 .text.SystemClock_Config
                0x0000000008000758       0x8c ./Core/Src/main.o
                0x0000000008000758                SystemClock_Config
 .text.Error_Handler
                0x00000000080007e4        0xa ./Core/Src/main.o
                0x00000000080007e4                Error_Handler
 *fill*         0x00000000080007ee        0x2 
 .text.MX_SPI3_Init
                0x00000000080007f0       0x7c ./Core/Src/spi.o
                0x00000000080007f0                MX_SPI3_Init
 .text.HAL_SPI_MspInit
                0x000000000800086c       0x88 ./Core/Src/spi.o
                0x000000000800086c                HAL_SPI_MspInit
 .text.HAL_MspInit
                0x00000000080008f4       0x48 ./Core/Src/stm32l4xx_hal_msp.o
                0x00000000080008f4                HAL_MspInit
 .text.NMI_Handler
                0x000000000800093c        0x6 ./Core/Src/stm32l4xx_it.o
                0x000000000800093c                NMI_Handler
 .text.HardFault_Handler
                0x0000000008000942        0x6 ./Core/Src/stm32l4xx_it.o
                0x0000000008000942                HardFault_Handler
 .text.MemManage_Handler
                0x0000000008000948        0x6 ./Core/Src/stm32l4xx_it.o
                0x0000000008000948                MemManage_Handler
 .text.BusFault_Handler
                0x000000000800094e        0x6 ./Core/Src/stm32l4xx_it.o
                0x000000000800094e                BusFault_Handler
 .text.UsageFault_Handler
                0x0000000008000954        0x6 ./Core/Src/stm32l4xx_it.o
                0x0000000008000954                UsageFault_Handler
 .text.SVC_Handler
                0x000000000800095a        0xe ./Core/Src/stm32l4xx_it.o
                0x000000000800095a                SVC_Handler
 .text.DebugMon_Handler
                0x0000000008000968        0xe ./Core/Src/stm32l4xx_it.o
                0x0000000008000968                DebugMon_Handler
 .text.PendSV_Handler
                0x0000000008000976        0xe ./Core/Src/stm32l4xx_it.o
                0x0000000008000976                PendSV_Handler
 .text.SysTick_Handler
                0x0000000008000984        0xc ./Core/Src/stm32l4xx_it.o
                0x0000000008000984                SysTick_Handler
 .text.SystemInit
                0x0000000008000990       0x24 ./Core/Src/system_stm32l4xx.o
                0x0000000008000990                SystemInit
 .text.Reset_Handler
                0x00000000080009b4       0x50 ./Core/Startup/startup_stm32l452retx.o
                0x00000000080009b4                Reset_Handler
 .text.Default_Handler
                0x0000000008000a04        0x2 ./Core/Startup/startup_stm32l452retx.o
                0x0000000008000a04                RTC_Alarm_IRQHandler
                0x0000000008000a04                EXTI2_IRQHandler
                0x0000000008000a04                TIM1_CC_IRQHandler
                0x0000000008000a04                TSC_IRQHandler
                0x0000000008000a04                TAMP_STAMP_IRQHandler
                0x0000000008000a04                EXTI3_IRQHandler
                0x0000000008000a04                LPTIM2_IRQHandler
                0x0000000008000a04                DFSDM1_FLT1_IRQHandler
                0x0000000008000a04                I2C3_ER_IRQHandler
                0x0000000008000a04                EXTI0_IRQHandler
                0x0000000008000a04                I2C2_EV_IRQHandler
                0x0000000008000a04                CAN1_RX0_IRQHandler
                0x0000000008000a04                FPU_IRQHandler
                0x0000000008000a04                TIM1_UP_TIM16_IRQHandler
                0x0000000008000a04                SPI1_IRQHandler
                0x0000000008000a04                TIM6_DAC_IRQHandler
                0x0000000008000a04                DMA2_Channel2_IRQHandler
                0x0000000008000a04                DMA1_Channel4_IRQHandler
                0x0000000008000a04                ADC1_IRQHandler
                0x0000000008000a04                USART3_IRQHandler
                0x0000000008000a04                DMA1_Channel7_IRQHandler
                0x0000000008000a04                CAN1_RX1_IRQHandler
                0x0000000008000a04                DMA2_Channel1_IRQHandler
                0x0000000008000a04                QUADSPI_IRQHandler
                0x0000000008000a04                I2C1_EV_IRQHandler
                0x0000000008000a04                DMA1_Channel6_IRQHandler
                0x0000000008000a04                UART4_IRQHandler
                0x0000000008000a04                DMA2_Channel4_IRQHandler
                0x0000000008000a04                TIM3_IRQHandler
                0x0000000008000a04                RCC_IRQHandler
                0x0000000008000a04                TIM1_TRG_COM_IRQHandler
                0x0000000008000a04                DMA1_Channel1_IRQHandler
                0x0000000008000a04                Default_Handler
                0x0000000008000a04                DMA2_Channel7_IRQHandler
                0x0000000008000a04                EXTI15_10_IRQHandler
                0x0000000008000a04                SDMMC1_IRQHandler
                0x0000000008000a04                I2C3_EV_IRQHandler
                0x0000000008000a04                USB_IRQHandler
                0x0000000008000a04                EXTI9_5_IRQHandler
                0x0000000008000a04                RTC_WKUP_IRQHandler
                0x0000000008000a04                PVD_PVM_IRQHandler
                0x0000000008000a04                SPI2_IRQHandler
                0x0000000008000a04                CAN1_TX_IRQHandler
                0x0000000008000a04                DMA2_Channel5_IRQHandler
                0x0000000008000a04                CRS_IRQHandler
                0x0000000008000a04                DMA1_Channel5_IRQHandler
                0x0000000008000a04                EXTI4_IRQHandler
                0x0000000008000a04                RNG_IRQHandler
                0x0000000008000a04                DMA1_Channel3_IRQHandler
                0x0000000008000a04                COMP_IRQHandler
                0x0000000008000a04                WWDG_IRQHandler
                0x0000000008000a04                I2C4_EV_IRQHandler
                0x0000000008000a04                LPUART1_IRQHandler
                0x0000000008000a04                DMA2_Channel6_IRQHandler
                0x0000000008000a04                TIM2_IRQHandler
                0x0000000008000a04                EXTI1_IRQHandler
                0x0000000008000a04                USART2_IRQHandler
                0x0000000008000a04                DFSDM1_FLT0_IRQHandler
                0x0000000008000a04                I2C2_ER_IRQHandler
                0x0000000008000a04                DMA1_Channel2_IRQHandler
                0x0000000008000a04                CAN1_SCE_IRQHandler
                0x0000000008000a04                FLASH_IRQHandler
                0x0000000008000a04                USART1_IRQHandler
                0x0000000008000a04                SPI3_IRQHandler
                0x0000000008000a04                I2C1_ER_IRQHandler
                0x0000000008000a04                LPTIM1_IRQHandler
                0x0000000008000a04                I2C4_ER_IRQHandler
                0x0000000008000a04                SAI1_IRQHandler
                0x0000000008000a04                DMA2_Channel3_IRQHandler
                0x0000000008000a04                TIM1_BRK_TIM15_IRQHandler
 .text.HAL_Init
                0x0000000008000a06       0x30 ./Drivers/STM32L4xx_HAL_Driver/Src/stm32l4xx_hal.o
                0x0000000008000a06                HAL_Init
 *fill*         0x0000000008000a36        0x2 
 .text.HAL_InitTick
                0x0000000008000a38       0x78 ./Drivers/STM32L4xx_HAL_Driver/Src/stm32l4xx_hal.o
                0x0000000008000a38                HAL_InitTick
 .text.HAL_IncTick
                0x0000000008000ab0       0x28 ./Drivers/STM32L4xx_HAL_Driver/Src/stm32l4xx_hal.o
                0x0000000008000ab0                HAL_IncTick
 .text.HAL_GetTick
                0x0000000008000ad8       0x18 ./Drivers/STM32L4xx_HAL_Driver/Src/stm32l4xx_hal.o
                0x0000000008000ad8                HAL_GetTick
 .text.HAL_Delay
                0x0000000008000af0       0x48 ./Drivers/STM32L4xx_HAL_Driver/Src/stm32l4xx_hal.o
                0x0000000008000af0                HAL_Delay
 .text.LL_ADC_SetCommonClock
                0x0000000008000b38       0x26 ./Drivers/STM32L4xx_HAL_Driver/Src/stm32l4xx_hal_adc.o
 .text.LL_ADC_SetCommonPathInternalCh
                0x0000000008000b5e       0x26 ./Drivers/STM32L4xx_HAL_Driver/Src/stm32l4xx_hal_adc.o
 .text.LL_ADC_GetCommonPathInternalCh
                0x0000000008000b84       0x1c ./Drivers/STM32L4xx_HAL_Driver/Src/stm32l4xx_hal_adc.o
 .text.LL_ADC_SetOffset
                0x0000000008000ba0       0x48 ./Drivers/STM32L4xx_HAL_Driver/Src/stm32l4xx_hal_adc.o
 .text.LL_ADC_GetOffsetChannel
                0x0000000008000be8       0x2c ./Drivers/STM32L4xx_HAL_Driver/Src/stm32l4xx_hal_adc.o
 .text.LL_ADC_SetOffsetState
                0x0000000008000c14       0x36 ./Drivers/STM32L4xx_HAL_Driver/Src/stm32l4xx_hal_adc.o
 .text.LL_ADC_SetSamplingTimeCommonConfig
                0x0000000008000c4a       0x26 ./Drivers/STM32L4xx_HAL_Driver/Src/stm32l4xx_hal_adc.o
 .text.LL_ADC_REG_SetSequencerRanks
                0x0000000008000c70       0x58 ./Drivers/STM32L4xx_HAL_Driver/Src/stm32l4xx_hal_adc.o
 .text.LL_ADC_SetChannelSamplingTime
                0x0000000008000cc8       0x56 ./Drivers/STM32L4xx_HAL_Driver/Src/stm32l4xx_hal_adc.o
 *fill*         0x0000000008000d1e        0x2 
 .text.LL_ADC_SetChannelSingleDiff
                0x0000000008000d20       0x48 ./Drivers/STM32L4xx_HAL_Driver/Src/stm32l4xx_hal_adc.o
 .text.LL_ADC_DisableDeepPowerDown
                0x0000000008000d68       0x24 ./Drivers/STM32L4xx_HAL_Driver/Src/stm32l4xx_hal_adc.o
 .text.LL_ADC_IsDeepPowerDownEnabled
                0x0000000008000d8c       0x28 ./Drivers/STM32L4xx_HAL_Driver/Src/stm32l4xx_hal_adc.o
 .text.LL_ADC_EnableInternalRegulator
                0x0000000008000db4       0x28 ./Drivers/STM32L4xx_HAL_Driver/Src/stm32l4xx_hal_adc.o
 .text.LL_ADC_IsInternalRegulatorEnabled
                0x0000000008000ddc       0x28 ./Drivers/STM32L4xx_HAL_Driver/Src/stm32l4xx_hal_adc.o
 .text.LL_ADC_IsEnabled
                0x0000000008000e04       0x26 ./Drivers/STM32L4xx_HAL_Driver/Src/stm32l4xx_hal_adc.o
 .text.LL_ADC_REG_IsConversionOngoing
                0x0000000008000e2a       0x26 ./Drivers/STM32L4xx_HAL_Driver/Src/stm32l4xx_hal_adc.o
 .text.LL_ADC_INJ_IsConversionOngoing
                0x0000000008000e50       0x26 ./Drivers/STM32L4xx_HAL_Driver/Src/stm32l4xx_hal_adc.o
 *fill*         0x0000000008000e76        0x2 
 .text.HAL_ADC_Init
                0x0000000008000e78      0x298 ./Drivers/STM32L4xx_HAL_Driver/Src/stm32l4xx_hal_adc.o
                0x0000000008000e78                HAL_ADC_Init
 .text.HAL_ADC_ConfigChannel
                0x0000000008001110      0x7f8 ./Drivers/STM32L4xx_HAL_Driver/Src/stm32l4xx_hal_adc.o
                0x0000000008001110                HAL_ADC_ConfigChannel
 .text.HAL_CAN_Init
                0x0000000008001908      0x1f6 ./Drivers/STM32L4xx_HAL_Driver/Src/stm32l4xx_hal_can.o
                0x0000000008001908                HAL_CAN_Init
 *fill*         0x0000000008001afe        0x2 
 .text.__NVIC_SetPriorityGrouping
                0x0000000008001b00       0x48 ./Drivers/STM32L4xx_HAL_Driver/Src/stm32l4xx_hal_cortex.o
 .text.__NVIC_GetPriorityGrouping
                0x0000000008001b48       0x1c ./Drivers/STM32L4xx_HAL_Driver/Src/stm32l4xx_hal_cortex.o
 .text.__NVIC_SetPriority
                0x0000000008001b64       0x54 ./Drivers/STM32L4xx_HAL_Driver/Src/stm32l4xx_hal_cortex.o
 .text.NVIC_EncodePriority
                0x0000000008001bb8       0x66 ./Drivers/STM32L4xx_HAL_Driver/Src/stm32l4xx_hal_cortex.o
 *fill*         0x0000000008001c1e        0x2 
 .text.SysTick_Config
                0x0000000008001c20       0x44 ./Drivers/STM32L4xx_HAL_Driver/Src/stm32l4xx_hal_cortex.o
 .text.HAL_NVIC_SetPriorityGrouping
                0x0000000008001c64       0x16 ./Drivers/STM32L4xx_HAL_Driver/Src/stm32l4xx_hal_cortex.o
                0x0000000008001c64                HAL_NVIC_SetPriorityGrouping
 .text.HAL_NVIC_SetPriority
                0x0000000008001c7a       0x38 ./Drivers/STM32L4xx_HAL_Driver/Src/stm32l4xx_hal_cortex.o
                0x0000000008001c7a                HAL_NVIC_SetPriority
 .text.HAL_SYSTICK_Config
                0x0000000008001cb2       0x18 ./Drivers/STM32L4xx_HAL_Driver/Src/stm32l4xx_hal_cortex.o
                0x0000000008001cb2                HAL_SYSTICK_Config
 *fill*         0x0000000008001cca        0x2 
 .text.HAL_GPIO_Init
                0x0000000008001ccc      0x2f4 ./Drivers/STM32L4xx_HAL_Driver/Src/stm32l4xx_hal_gpio.o
                0x0000000008001ccc                HAL_GPIO_Init
 .text.HAL_GPIO_WritePin
                0x0000000008001fc0       0x30 ./Drivers/STM32L4xx_HAL_Driver/Src/stm32l4xx_hal_gpio.o
                0x0000000008001fc0                HAL_GPIO_WritePin
 .text.HAL_I2C_Init
                0x0000000008001ff0      0x11e ./Drivers/STM32L4xx_HAL_Driver/Src/stm32l4xx_hal_i2c.o
                0x0000000008001ff0                HAL_I2C_Init
 *fill*         0x000000000800210e        0x2 
 .text.HAL_I2C_Master_Transmit
                0x0000000008002110      0x1e8 ./Drivers/STM32L4xx_HAL_Driver/Src/stm32l4xx_hal_i2c.o
                0x0000000008002110                HAL_I2C_Master_Transmit
 .text.I2C_Flush_TXDR
                0x00000000080022f8       0x48 ./Drivers/STM32L4xx_HAL_Driver/Src/stm32l4xx_hal_i2c.o
 .text.I2C_WaitOnFlagUntilTimeout
                0x0000000008002340       0x80 ./Drivers/STM32L4xx_HAL_Driver/Src/stm32l4xx_hal_i2c.o
 .text.I2C_WaitOnTXISFlagUntilTimeout
                0x00000000080023c0       0x80 ./Drivers/STM32L4xx_HAL_Driver/Src/stm32l4xx_hal_i2c.o
 .text.I2C_WaitOnSTOPFlagUntilTimeout
                0x0000000008002440       0x78 ./Drivers/STM32L4xx_HAL_Driver/Src/stm32l4xx_hal_i2c.o
 .text.I2C_IsErrorOccurred
                0x00000000080024b8      0x1d8 ./Drivers/STM32L4xx_HAL_Driver/Src/stm32l4xx_hal_i2c.o
 .text.I2C_TransferConfig
                0x0000000008002690       0x64 ./Drivers/STM32L4xx_HAL_Driver/Src/stm32l4xx_hal_i2c.o
 .text.HAL_I2CEx_ConfigAnalogFilter
                0x00000000080026f4       0x96 ./Drivers/STM32L4xx_HAL_Driver/Src/stm32l4xx_hal_i2c_ex.o
                0x00000000080026f4                HAL_I2CEx_ConfigAnalogFilter
 .text.HAL_I2CEx_ConfigDigitalFilter
                0x000000000800278a       0x98 ./Drivers/STM32L4xx_HAL_Driver/Src/stm32l4xx_hal_i2c_ex.o
                0x000000000800278a                HAL_I2CEx_ConfigDigitalFilter
 *fill*         0x0000000008002822        0x2 
 .text.HAL_PWREx_GetVoltageRange
                0x0000000008002824       0x1c ./Drivers/STM32L4xx_HAL_Driver/Src/stm32l4xx_hal_pwr_ex.o
                0x0000000008002824                HAL_PWREx_GetVoltageRange
 .text.HAL_PWREx_ControlVoltageScaling
                0x0000000008002840       0xac ./Drivers/STM32L4xx_HAL_Driver/Src/stm32l4xx_hal_pwr_ex.o
                0x0000000008002840                HAL_PWREx_ControlVoltageScaling
 .text.HAL_RCC_OscConfig
                0x00000000080028ec      0x828 ./Drivers/STM32L4xx_HAL_Driver/Src/stm32l4xx_hal_rcc.o
                0x00000000080028ec                HAL_RCC_OscConfig
 .text.HAL_RCC_ClockConfig
                0x0000000008003114      0x200 ./Drivers/STM32L4xx_HAL_Driver/Src/stm32l4xx_hal_rcc.o
                0x0000000008003114                HAL_RCC_ClockConfig
 .text.HAL_RCC_GetSysClockFreq
                0x0000000008003314      0x118 ./Drivers/STM32L4xx_HAL_Driver/Src/stm32l4xx_hal_rcc.o
                0x0000000008003314                HAL_RCC_GetSysClockFreq
 .text.RCC_SetFlashLatencyFromMSIRange
                0x000000000800342c       0xc0 ./Drivers/STM32L4xx_HAL_Driver/Src/stm32l4xx_hal_rcc.o
 .text.HAL_RCCEx_PeriphCLKConfig
                0x00000000080034ec      0x4d8 ./Drivers/STM32L4xx_HAL_Driver/Src/stm32l4xx_hal_rcc_ex.o
                0x00000000080034ec                HAL_RCCEx_PeriphCLKConfig
 .text.RCCEx_PLLSAI1_Config
                0x00000000080039c4      0x1e4 ./Drivers/STM32L4xx_HAL_Driver/Src/stm32l4xx_hal_rcc_ex.o
 .text.HAL_SPI_Init
                0x0000000008003ba8      0x146 ./Drivers/STM32L4xx_HAL_Driver/Src/stm32l4xx_hal_spi.o
                0x0000000008003ba8                HAL_SPI_Init
 *fill*         0x0000000008003cee        0x2 
 .text.MAX7300_Init
                0x0000000008003cf0       0xf8 ./Drivers/max7300.o
                0x0000000008003cf0                MAX7300_Init
 .text.MAX7300_setPin
                0x0000000008003de8       0x84 ./Drivers/max7300.o
                0x0000000008003de8                MAX7300_setPin
 .text.__libc_init_array
                0x0000000008003e6c       0x48 c:/program files (x86)/stm32cubeide_1.10.1/stm32cubeide/plugins/com.st.stm32cube.ide.mcu.externaltools.gnu-tools-for-stm32.10.3-2021.10.win32_1.0.0.202111181127/tools/bin/../lib/gcc/arm-none-eabi/10.3.1/../../../../arm-none-eabi/lib/thumb/v7e-m+fp/hard\libc_nano.a(lib_a-init.o)
                0x0000000008003e6c                __libc_init_array
 .text.memset   0x0000000008003eb4       0x10 c:/program files (x86)/stm32cubeide_1.10.1/stm32cubeide/plugins/com.st.stm32cube.ide.mcu.externaltools.gnu-tools-for-stm32.10.3-2021.10.win32_1.0.0.202111181127/tools/bin/../lib/gcc/arm-none-eabi/10.3.1/../../../../arm-none-eabi/lib/thumb/v7e-m+fp/hard\libc_nano.a(lib_a-memset.o)
                0x0000000008003eb4                memset
 *(.glue_7)
 .glue_7        0x0000000008003ec4        0x0 linker stubs
 *(.glue_7t)
 .glue_7t       0x0000000008003ec4        0x0 linker stubs
 *(.eh_frame)
 .eh_frame      0x0000000008003ec4        0x0 c:/program files (x86)/stm32cubeide_1.10.1/stm32cubeide/plugins/com.st.stm32cube.ide.mcu.externaltools.gnu-tools-for-stm32.10.3-2021.10.win32_1.0.0.202111181127/tools/bin/../lib/gcc/arm-none-eabi/10.3.1/thumb/v7e-m+fp/hard/crtbegin.o
 *(.init)
 .init          0x0000000008003ec4        0x4 c:/program files (x86)/stm32cubeide_1.10.1/stm32cubeide/plugins/com.st.stm32cube.ide.mcu.externaltools.gnu-tools-for-stm32.10.3-2021.10.win32_1.0.0.202111181127/tools/bin/../lib/gcc/arm-none-eabi/10.3.1/thumb/v7e-m+fp/hard/crti.o
                0x0000000008003ec4                _init
 .init          0x0000000008003ec8        0x8 c:/program files (x86)/stm32cubeide_1.10.1/stm32cubeide/plugins/com.st.stm32cube.ide.mcu.externaltools.gnu-tools-for-stm32.10.3-2021.10.win32_1.0.0.202111181127/tools/bin/../lib/gcc/arm-none-eabi/10.3.1/thumb/v7e-m+fp/hard/crtn.o
 *(.fini)
 .fini          0x0000000008003ed0        0x4 c:/program files (x86)/stm32cubeide_1.10.1/stm32cubeide/plugins/com.st.stm32cube.ide.mcu.externaltools.gnu-tools-for-stm32.10.3-2021.10.win32_1.0.0.202111181127/tools/bin/../lib/gcc/arm-none-eabi/10.3.1/thumb/v7e-m+fp/hard/crti.o
                0x0000000008003ed0                _fini
 .fini          0x0000000008003ed4        0x8 c:/program files (x86)/stm32cubeide_1.10.1/stm32cubeide/plugins/com.st.stm32cube.ide.mcu.externaltools.gnu-tools-for-stm32.10.3-2021.10.win32_1.0.0.202111181127/tools/bin/../lib/gcc/arm-none-eabi/10.3.1/thumb/v7e-m+fp/hard/crtn.o
                0x0000000008003edc                . = ALIGN (0x4)
                0x0000000008003edc                _etext = .

.vfp11_veneer   0x0000000008003edc        0x0
 .vfp11_veneer  0x0000000008003edc        0x0 linker stubs

.v4_bx          0x0000000008003edc        0x0
 .v4_bx         0x0000000008003edc        0x0 linker stubs

.iplt           0x0000000008003edc        0x0
 .iplt          0x0000000008003edc        0x0 c:/program files (x86)/stm32cubeide_1.10.1/stm32cubeide/plugins/com.st.stm32cube.ide.mcu.externaltools.gnu-tools-for-stm32.10.3-2021.10.win32_1.0.0.202111181127/tools/bin/../lib/gcc/arm-none-eabi/10.3.1/thumb/v7e-m+fp/hard/crtbegin.o

.rodata         0x0000000008003edc       0x40
                0x0000000008003edc                . = ALIGN (0x4)
 *(.rodata)
 *(.rodata*)
 .rodata.AHBPrescTable
                0x0000000008003edc       0x10 ./Core/Src/system_stm32l4xx.o
                0x0000000008003edc                AHBPrescTable
 .rodata.MSIRangeTable
                0x0000000008003eec       0x30 ./Core/Src/system_stm32l4xx.o
                0x0000000008003eec                MSIRangeTable
                0x0000000008003f1c                . = ALIGN (0x4)

.rel.dyn        0x0000000008003f1c        0x0
 .rel.iplt      0x0000000008003f1c        0x0 c:/program files (x86)/stm32cubeide_1.10.1/stm32cubeide/plugins/com.st.stm32cube.ide.mcu.externaltools.gnu-tools-for-stm32.10.3-2021.10.win32_1.0.0.202111181127/tools/bin/../lib/gcc/arm-none-eabi/10.3.1/thumb/v7e-m+fp/hard/crtbegin.o

.ARM.extab      0x0000000008003f1c        0x0
                0x0000000008003f1c                . = ALIGN (0x4)
 *(.ARM.extab* .gnu.linkonce.armextab.*)
                0x0000000008003f1c                . = ALIGN (0x4)

.ARM            0x0000000008003f1c        0x0
                0x0000000008003f1c                . = ALIGN (0x4)
                0x0000000008003f1c                __exidx_start = .
 *(.ARM.exidx*)
                0x0000000008003f1c                __exidx_end = .
                0x0000000008003f1c                . = ALIGN (0x4)

.preinit_array  0x0000000008003f1c        0x0
                0x0000000008003f1c                . = ALIGN (0x4)
                0x0000000008003f1c                PROVIDE (__preinit_array_start = .)
 *(.preinit_array*)
                0x0000000008003f1c                PROVIDE (__preinit_array_end = .)
                0x0000000008003f1c                . = ALIGN (0x4)

.init_array     0x0000000008003f1c        0x4
                0x0000000008003f1c                . = ALIGN (0x4)
                0x0000000008003f1c                PROVIDE (__init_array_start = .)
 *(SORT_BY_NAME(.init_array.*))
 *(.init_array*)
 .init_array    0x0000000008003f1c        0x4 c:/program files (x86)/stm32cubeide_1.10.1/stm32cubeide/plugins/com.st.stm32cube.ide.mcu.externaltools.gnu-tools-for-stm32.10.3-2021.10.win32_1.0.0.202111181127/tools/bin/../lib/gcc/arm-none-eabi/10.3.1/thumb/v7e-m+fp/hard/crtbegin.o
                0x0000000008003f20                PROVIDE (__init_array_end = .)
                0x0000000008003f20                . = ALIGN (0x4)

.fini_array     0x0000000008003f20        0x4
                0x0000000008003f20                . = ALIGN (0x4)
                [!provide]                        PROVIDE (__fini_array_start = .)
 *(SORT_BY_NAME(.fini_array.*))
 *(.fini_array*)
 .fini_array    0x0000000008003f20        0x4 c:/program files (x86)/stm32cubeide_1.10.1/stm32cubeide/plugins/com.st.stm32cube.ide.mcu.externaltools.gnu-tools-for-stm32.10.3-2021.10.win32_1.0.0.202111181127/tools/bin/../lib/gcc/arm-none-eabi/10.3.1/thumb/v7e-m+fp/hard/crtbegin.o
                [!provide]                        PROVIDE (__fini_array_end = .)
                0x0000000008003f24                . = ALIGN (0x4)
                0x0000000008003f24                _sidata = LOADADDR (.data)

.data           0x0000000020000000        0xc load address 0x0000000008003f24
                0x0000000020000000                . = ALIGN (0x4)
                0x0000000020000000                _sdata = .
 *(.data)
 *(.data*)
 .data.SystemCoreClock
                0x0000000020000000        0x4 ./Core/Src/system_stm32l4xx.o
                0x0000000020000000                SystemCoreClock
 .data.uwTickPrio
                0x0000000020000004        0x4 ./Drivers/STM32L4xx_HAL_Driver/Src/stm32l4xx_hal.o
                0x0000000020000004                uwTickPrio
 .data.uwTickFreq
                0x0000000020000008        0x1 ./Drivers/STM32L4xx_HAL_Driver/Src/stm32l4xx_hal.o
                0x0000000020000008                uwTickFreq
 *(.RamFunc)
 *(.RamFunc*)
                0x000000002000000c                . = ALIGN (0x4)
 *fill*         0x0000000020000009        0x3 
                0x000000002000000c                _edata = .

.igot.plt       0x000000002000000c        0x0 load address 0x0000000008003f30
 .igot.plt      0x000000002000000c        0x0 c:/program files (x86)/stm32cubeide_1.10.1/stm32cubeide/plugins/com.st.stm32cube.ide.mcu.externaltools.gnu-tools-for-stm32.10.3-2021.10.win32_1.0.0.202111181127/tools/bin/../lib/gcc/arm-none-eabi/10.3.1/thumb/v7e-m+fp/hard/crtbegin.o
                0x000000002000000c                . = ALIGN (0x4)

.bss            0x000000002000000c      0x208 load address 0x0000000008003f30
                0x000000002000000c                _sbss = .
                0x000000002000000c                __bss_start__ = _sbss
 *(.bss)
 .bss           0x000000002000000c       0x1c c:/program files (x86)/stm32cubeide_1.10.1/stm32cubeide/plugins/com.st.stm32cube.ide.mcu.externaltools.gnu-tools-for-stm32.10.3-2021.10.win32_1.0.0.202111181127/tools/bin/../lib/gcc/arm-none-eabi/10.3.1/thumb/v7e-m+fp/hard/crtbegin.o
 *(.bss*)
 .bss.hadc1     0x0000000020000028       0x68 ./Core/Src/adc.o
                0x0000000020000028                hadc1
 .bss.hcan1     0x0000000020000090       0x28 ./Core/Src/can.o
                0x0000000020000090                hcan1
 .bss.hi2c1     0x00000000200000b8       0x54 ./Core/Src/i2c.o
                0x00000000200000b8                hi2c1
 .bss.hspi3     0x000000002000010c       0x64 ./Core/Src/spi.o
                0x000000002000010c                hspi3
 .bss.uwTick    0x0000000020000170        0x4 ./Drivers/STM32L4xx_HAL_Driver/Src/stm32l4xx_hal.o
                0x0000000020000170                uwTick
 .bss.PORTREGISTERS
                0x0000000020000174       0x20 ./Drivers/max7300.o
                0x0000000020000174                PORTREGISTERS
 .bss.payloadBuffer
                0x0000000020000194       0x80 ./Drivers/max7300.o
                0x0000000020000194                payloadBuffer
 *(COMMON)
                0x0000000020000214                . = ALIGN (0x4)
                0x0000000020000214                _ebss = .
                0x0000000020000214                __bss_end__ = _ebss

._user_heap_stack
                0x0000000020000214      0x604 load address 0x0000000008003f30
                0x0000000020000218                . = ALIGN (0x8)
 *fill*         0x0000000020000214        0x4 
                [!provide]                        PROVIDE (end = .)
                0x0000000020000218                PROVIDE (_end = .)
                0x0000000020000418                . = (. + _Min_Heap_Size)
 *fill*         0x0000000020000218      0x200 
                0x0000000020000818                . = (. + _Min_Stack_Size)
 *fill*         0x0000000020000418      0x400 
                0x0000000020000818                . = ALIGN (0x8)

/DISCARD/
 libc.a(*)
 libm.a(*)
 libgcc.a(*)

.ARM.attributes
                0x0000000000000000       0x30
 *(.ARM.attributes)
 .ARM.attributes
                0x0000000000000000       0x1e c:/program files (x86)/stm32cubeide_1.10.1/stm32cubeide/plugins/com.st.stm32cube.ide.mcu.externaltools.gnu-tools-for-stm32.10.3-2021.10.win32_1.0.0.202111181127/tools/bin/../lib/gcc/arm-none-eabi/10.3.1/thumb/v7e-m+fp/hard/crti.o
 .ARM.attributes
                0x000000000000001e       0x34 c:/program files (x86)/stm32cubeide_1.10.1/stm32cubeide/plugins/com.st.stm32cube.ide.mcu.externaltools.gnu-tools-for-stm32.10.3-2021.10.win32_1.0.0.202111181127/tools/bin/../lib/gcc/arm-none-eabi/10.3.1/thumb/v7e-m+fp/hard/crtbegin.o
 .ARM.attributes
                0x0000000000000052       0x34 ./Core/Src/adc.o
 .ARM.attributes
                0x0000000000000086       0x34 ./Core/Src/can.o
 .ARM.attributes
                0x00000000000000ba       0x34 ./Core/Src/gpio.o
 .ARM.attributes
                0x00000000000000ee       0x34 ./Core/Src/i2c.o
 .ARM.attributes
                0x0000000000000122       0x34 ./Core/Src/main.o
 .ARM.attributes
                0x0000000000000156       0x34 ./Core/Src/spi.o
 .ARM.attributes
                0x000000000000018a       0x34 ./Core/Src/stm32l4xx_hal_msp.o
 .ARM.attributes
                0x00000000000001be       0x34 ./Core/Src/stm32l4xx_it.o
 .ARM.attributes
                0x00000000000001f2       0x34 ./Core/Src/system_stm32l4xx.o
 .ARM.attributes
                0x0000000000000226       0x21 ./Core/Startup/startup_stm32l452retx.o
 .ARM.attributes
                0x0000000000000247       0x34 ./Drivers/STM32L4xx_HAL_Driver/Src/stm32l4xx_hal.o
 .ARM.attributes
                0x000000000000027b       0x34 ./Drivers/STM32L4xx_HAL_Driver/Src/stm32l4xx_hal_adc.o
 .ARM.attributes
                0x00000000000002af       0x34 ./Drivers/STM32L4xx_HAL_Driver/Src/stm32l4xx_hal_can.o
 .ARM.attributes
                0x00000000000002e3       0x34 ./Drivers/STM32L4xx_HAL_Driver/Src/stm32l4xx_hal_cortex.o
 .ARM.attributes
                0x0000000000000317       0x34 ./Drivers/STM32L4xx_HAL_Driver/Src/stm32l4xx_hal_gpio.o
 .ARM.attributes
                0x000000000000034b       0x34 ./Drivers/STM32L4xx_HAL_Driver/Src/stm32l4xx_hal_i2c.o
 .ARM.attributes
                0x000000000000037f       0x34 ./Drivers/STM32L4xx_HAL_Driver/Src/stm32l4xx_hal_i2c_ex.o
 .ARM.attributes
                0x00000000000003b3       0x34 ./Drivers/STM32L4xx_HAL_Driver/Src/stm32l4xx_hal_pwr_ex.o
 .ARM.attributes
                0x00000000000003e7       0x34 ./Drivers/STM32L4xx_HAL_Driver/Src/stm32l4xx_hal_rcc.o
 .ARM.attributes
                0x000000000000041b       0x34 ./Drivers/STM32L4xx_HAL_Driver/Src/stm32l4xx_hal_rcc_ex.o
 .ARM.attributes
                0x000000000000044f       0x34 ./Drivers/STM32L4xx_HAL_Driver/Src/stm32l4xx_hal_spi.o
 .ARM.attributes
                0x0000000000000483       0x34 ./Drivers/max7300.o
 .ARM.attributes
                0x00000000000004b7       0x34 c:/program files (x86)/stm32cubeide_1.10.1/stm32cubeide/plugins/com.st.stm32cube.ide.mcu.externaltools.gnu-tools-for-stm32.10.3-2021.10.win32_1.0.0.202111181127/tools/bin/../lib/gcc/arm-none-eabi/10.3.1/../../../../arm-none-eabi/lib/thumb/v7e-m+fp/hard\libc_nano.a(lib_a-init.o)
 .ARM.attributes
                0x00000000000004eb       0x34 c:/program files (x86)/stm32cubeide_1.10.1/stm32cubeide/plugins/com.st.stm32cube.ide.mcu.externaltools.gnu-tools-for-stm32.10.3-2021.10.win32_1.0.0.202111181127/tools/bin/../lib/gcc/arm-none-eabi/10.3.1/../../../../arm-none-eabi/lib/thumb/v7e-m+fp/hard\libc_nano.a(lib_a-memset.o)
 .ARM.attributes
                0x000000000000051f       0x1e c:/program files (x86)/stm32cubeide_1.10.1/stm32cubeide/plugins/com.st.stm32cube.ide.mcu.externaltools.gnu-tools-for-stm32.10.3-2021.10.win32_1.0.0.202111181127/tools/bin/../lib/gcc/arm-none-eabi/10.3.1/thumb/v7e-m+fp/hard/crtn.o
OUTPUT(Payload PCB.elf elf32-littlearm)
LOAD linker stubs
LOAD c:/program files (x86)/stm32cubeide_1.10.1/stm32cubeide/plugins/com.st.stm32cube.ide.mcu.externaltools.gnu-tools-for-stm32.10.3-2021.10.win32_1.0.0.202111181127/tools/bin/../lib/gcc/arm-none-eabi/10.3.1/../../../../arm-none-eabi/lib/thumb/v7e-m+fp/hard\libc.a
LOAD c:/program files (x86)/stm32cubeide_1.10.1/stm32cubeide/plugins/com.st.stm32cube.ide.mcu.externaltools.gnu-tools-for-stm32.10.3-2021.10.win32_1.0.0.202111181127/tools/bin/../lib/gcc/arm-none-eabi/10.3.1/../../../../arm-none-eabi/lib/thumb/v7e-m+fp/hard\libm.a
LOAD c:/program files (x86)/stm32cubeide_1.10.1/stm32cubeide/plugins/com.st.stm32cube.ide.mcu.externaltools.gnu-tools-for-stm32.10.3-2021.10.win32_1.0.0.202111181127/tools/bin/../lib/gcc/arm-none-eabi/10.3.1/thumb/v7e-m+fp/hard\libgcc.a

.debug_info     0x0000000000000000    0x10154
 .debug_info    0x0000000000000000      0xe24 ./Core/Src/adc.o
 .debug_info    0x0000000000000e24      0x94d ./Core/Src/can.o
 .debug_info    0x0000000000001771      0x4e0 ./Core/Src/gpio.o
 .debug_info    0x0000000000001c51      0xc98 ./Core/Src/i2c.o
 .debug_info    0x00000000000028e9      0x395 ./Core/Src/main.o
 .debug_info    0x0000000000002c7e      0xa47 ./Core/Src/spi.o
 .debug_info    0x00000000000036c5      0x324 ./Core/Src/stm32l4xx_hal_msp.o
 .debug_info    0x00000000000039e9      0x122 ./Core/Src/stm32l4xx_it.o
 .debug_info    0x0000000000003b0b      0x5e2 ./Core/Src/system_stm32l4xx.o
 .debug_info    0x00000000000040ed       0x22 ./Core/Startup/startup_stm32l452retx.o
 .debug_info    0x000000000000410f      0xb09 ./Drivers/STM32L4xx_HAL_Driver/Src/stm32l4xx_hal.o
 .debug_info    0x0000000000004c18     0x1dbb ./Drivers/STM32L4xx_HAL_Driver/Src/stm32l4xx_hal_adc.o
 .debug_info    0x00000000000069d3     0x1027 ./Drivers/STM32L4xx_HAL_Driver/Src/stm32l4xx_hal_can.o
 .debug_info    0x00000000000079fa      0xdd9 ./Drivers/STM32L4xx_HAL_Driver/Src/stm32l4xx_hal_cortex.o
 .debug_info    0x00000000000087d3      0x82f ./Drivers/STM32L4xx_HAL_Driver/Src/stm32l4xx_hal_gpio.o
 .debug_info    0x0000000000009002     0x2232 ./Drivers/STM32L4xx_HAL_Driver/Src/stm32l4xx_hal_i2c.o
 .debug_info    0x000000000000b234      0xa61 ./Drivers/STM32L4xx_HAL_Driver/Src/stm32l4xx_hal_i2c_ex.o
 .debug_info    0x000000000000bc95      0x96b ./Drivers/STM32L4xx_HAL_Driver/Src/stm32l4xx_hal_pwr_ex.o
 .debug_info    0x000000000000c600      0xca5 ./Drivers/STM32L4xx_HAL_Driver/Src/stm32l4xx_hal_rcc.o
 .debug_info    0x000000000000d2a5      0xfaa ./Drivers/STM32L4xx_HAL_Driver/Src/stm32l4xx_hal_rcc_ex.o
 .debug_info    0x000000000000e24f     0x1782 ./Drivers/STM32L4xx_HAL_Driver/Src/stm32l4xx_hal_spi.o
 .debug_info    0x000000000000f9d1      0x783 ./Drivers/max7300.o

.debug_abbrev   0x0000000000000000     0x2879
 .debug_abbrev  0x0000000000000000      0x1e0 ./Core/Src/adc.o
 .debug_abbrev  0x00000000000001e0      0x201 ./Core/Src/can.o
 .debug_abbrev  0x00000000000003e1      0x146 ./Core/Src/gpio.o
 .debug_abbrev  0x0000000000000527      0x202 ./Core/Src/i2c.o
 .debug_abbrev  0x0000000000000729      0x19d ./Core/Src/main.o
 .debug_abbrev  0x00000000000008c6      0x1e0 ./Core/Src/spi.o
 .debug_abbrev  0x0000000000000aa6       0xc2 ./Core/Src/stm32l4xx_hal_msp.o
 .debug_abbrev  0x0000000000000b68       0x74 ./Core/Src/stm32l4xx_it.o
 .debug_abbrev  0x0000000000000bdc      0x116 ./Core/Src/system_stm32l4xx.o
 .debug_abbrev  0x0000000000000cf2       0x12 ./Core/Startup/startup_stm32l452retx.o
 .debug_abbrev  0x0000000000000d04      0x23a ./Drivers/STM32L4xx_HAL_Driver/Src/stm32l4xx_hal.o
 .debug_abbrev  0x0000000000000f3e      0x2b6 ./Drivers/STM32L4xx_HAL_Driver/Src/stm32l4xx_hal_adc.o
 .debug_abbrev  0x00000000000011f4      0x25d ./Drivers/STM32L4xx_HAL_Driver/Src/stm32l4xx_hal_can.o
 .debug_abbrev  0x0000000000001451      0x316 ./Drivers/STM32L4xx_HAL_Driver/Src/stm32l4xx_hal_cortex.o
 .debug_abbrev  0x0000000000001767      0x1bb ./Drivers/STM32L4xx_HAL_Driver/Src/stm32l4xx_hal_gpio.o
 .debug_abbrev  0x0000000000001922      0x243 ./Drivers/STM32L4xx_HAL_Driver/Src/stm32l4xx_hal_i2c.o
 .debug_abbrev  0x0000000000001b65      0x1b0 ./Drivers/STM32L4xx_HAL_Driver/Src/stm32l4xx_hal_i2c_ex.o
 .debug_abbrev  0x0000000000001d15      0x1f3 ./Drivers/STM32L4xx_HAL_Driver/Src/stm32l4xx_hal_pwr_ex.o
 .debug_abbrev  0x0000000000001f08      0x2bd ./Drivers/STM32L4xx_HAL_Driver/Src/stm32l4xx_hal_rcc.o
 .debug_abbrev  0x00000000000021c5      0x299 ./Drivers/STM32L4xx_HAL_Driver/Src/stm32l4xx_hal_rcc_ex.o
 .debug_abbrev  0x000000000000245e      0x254 ./Drivers/STM32L4xx_HAL_Driver/Src/stm32l4xx_hal_spi.o
 .debug_abbrev  0x00000000000026b2      0x1c7 ./Drivers/max7300.o

.debug_aranges  0x0000000000000000      0xf68
 .debug_aranges
                0x0000000000000000       0x30 ./Core/Src/adc.o
 .debug_aranges
                0x0000000000000030       0x30 ./Core/Src/can.o
 .debug_aranges
                0x0000000000000060       0x20 ./Core/Src/gpio.o
 .debug_aranges
                0x0000000000000080       0x30 ./Core/Src/i2c.o
 .debug_aranges
                0x00000000000000b0       0x30 ./Core/Src/main.o
 .debug_aranges
                0x00000000000000e0       0x30 ./Core/Src/spi.o
 .debug_aranges
                0x0000000000000110       0x20 ./Core/Src/stm32l4xx_hal_msp.o
 .debug_aranges
                0x0000000000000130       0x60 ./Core/Src/stm32l4xx_it.o
 .debug_aranges
                0x0000000000000190       0x28 ./Core/Src/system_stm32l4xx.o
 .debug_aranges
                0x00000000000001b8       0x28 ./Core/Startup/startup_stm32l452retx.o
 .debug_aranges
                0x00000000000001e0      0x130 ./Drivers/STM32L4xx_HAL_Driver/Src/stm32l4xx_hal.o
 .debug_aranges
                0x0000000000000310      0x218 ./Drivers/STM32L4xx_HAL_Driver/Src/stm32l4xx_hal_adc.o
 .debug_aranges
                0x0000000000000528      0x138 ./Drivers/STM32L4xx_HAL_Driver/Src/stm32l4xx_hal_can.o
 .debug_aranges
                0x0000000000000660      0x118 ./Drivers/STM32L4xx_HAL_Driver/Src/stm32l4xx_hal_cortex.o
 .debug_aranges
                0x0000000000000778       0x58 ./Drivers/STM32L4xx_HAL_Driver/Src/stm32l4xx_hal_gpio.o
 .debug_aranges
                0x00000000000007d0      0x2a0 ./Drivers/STM32L4xx_HAL_Driver/Src/stm32l4xx_hal_i2c.o
 .debug_aranges
                0x0000000000000a70       0x48 ./Drivers/STM32L4xx_HAL_Driver/Src/stm32l4xx_hal_i2c_ex.o
 .debug_aranges
                0x0000000000000ab8      0x128 ./Drivers/STM32L4xx_HAL_Driver/Src/stm32l4xx_hal_pwr_ex.o
 .debug_aranges
                0x0000000000000be0       0x90 ./Drivers/STM32L4xx_HAL_Driver/Src/stm32l4xx_hal_rcc.o
 .debug_aranges
                0x0000000000000c70       0xf0 ./Drivers/STM32L4xx_HAL_Driver/Src/stm32l4xx_hal_rcc_ex.o
 .debug_aranges
                0x0000000000000d60      0x1d8 ./Drivers/STM32L4xx_HAL_Driver/Src/stm32l4xx_hal_spi.o
 .debug_aranges
                0x0000000000000f38       0x30 ./Drivers/max7300.o

.debug_ranges   0x0000000000000000      0xe10
 .debug_ranges  0x0000000000000000       0x20 ./Core/Src/adc.o
 .debug_ranges  0x0000000000000020       0x20 ./Core/Src/can.o
 .debug_ranges  0x0000000000000040       0x10 ./Core/Src/gpio.o
 .debug_ranges  0x0000000000000050       0x20 ./Core/Src/i2c.o
 .debug_ranges  0x0000000000000070       0x20 ./Core/Src/main.o
 .debug_ranges  0x0000000000000090       0x20 ./Core/Src/spi.o
 .debug_ranges  0x00000000000000b0       0x10 ./Core/Src/stm32l4xx_hal_msp.o
 .debug_ranges  0x00000000000000c0       0x50 ./Core/Src/stm32l4xx_it.o
 .debug_ranges  0x0000000000000110       0x18 ./Core/Src/system_stm32l4xx.o
 .debug_ranges  0x0000000000000128       0x20 ./Core/Startup/startup_stm32l452retx.o
 .debug_ranges  0x0000000000000148      0x120 ./Drivers/STM32L4xx_HAL_Driver/Src/stm32l4xx_hal.o
 .debug_ranges  0x0000000000000268      0x208 ./Drivers/STM32L4xx_HAL_Driver/Src/stm32l4xx_hal_adc.o
 .debug_ranges  0x0000000000000470      0x128 ./Drivers/STM32L4xx_HAL_Driver/Src/stm32l4xx_hal_can.o
 .debug_ranges  0x0000000000000598      0x108 ./Drivers/STM32L4xx_HAL_Driver/Src/stm32l4xx_hal_cortex.o
 .debug_ranges  0x00000000000006a0       0x48 ./Drivers/STM32L4xx_HAL_Driver/Src/stm32l4xx_hal_gpio.o
 .debug_ranges  0x00000000000006e8      0x290 ./Drivers/STM32L4xx_HAL_Driver/Src/stm32l4xx_hal_i2c.o
 .debug_ranges  0x0000000000000978       0x38 ./Drivers/STM32L4xx_HAL_Driver/Src/stm32l4xx_hal_i2c_ex.o
 .debug_ranges  0x00000000000009b0      0x118 ./Drivers/STM32L4xx_HAL_Driver/Src/stm32l4xx_hal_pwr_ex.o
 .debug_ranges  0x0000000000000ac8       0x80 ./Drivers/STM32L4xx_HAL_Driver/Src/stm32l4xx_hal_rcc.o
 .debug_ranges  0x0000000000000b48       0xe0 ./Drivers/STM32L4xx_HAL_Driver/Src/stm32l4xx_hal_rcc_ex.o
 .debug_ranges  0x0000000000000c28      0x1c8 ./Drivers/STM32L4xx_HAL_Driver/Src/stm32l4xx_hal_spi.o
 .debug_ranges  0x0000000000000df0       0x20 ./Drivers/max7300.o

.debug_macro    0x0000000000000000    0x24643
 .debug_macro   0x0000000000000000      0x207 ./Core/Src/adc.o
 .debug_macro   0x0000000000000207      0xa78 ./Core/Src/adc.o
 .debug_macro   0x0000000000000c7f      0x1b3 ./Core/Src/adc.o
 .debug_macro   0x0000000000000e32       0x2e ./Core/Src/adc.o
 .debug_macro   0x0000000000000e60       0x28 ./Core/Src/adc.o
 .debug_macro   0x0000000000000e88       0x22 ./Core/Src/adc.o
 .debug_macro   0x0000000000000eaa       0x8e ./Core/Src/adc.o
 .debug_macro   0x0000000000000f38       0x51 ./Core/Src/adc.o
 .debug_macro   0x0000000000000f89      0x103 ./Core/Src/adc.o
 .debug_macro   0x000000000000108c       0x6a ./Core/Src/adc.o
 .debug_macro   0x00000000000010f6      0x1df ./Core/Src/adc.o
 .debug_macro   0x00000000000012d5       0x1c ./Core/Src/adc.o
 .debug_macro   0x00000000000012f1       0x22 ./Core/Src/adc.o
 .debug_macro   0x0000000000001313       0xfb ./Core/Src/adc.o
 .debug_macro   0x000000000000140e     0x1011 ./Core/Src/adc.o
 .debug_macro   0x000000000000241f      0x11f ./Core/Src/adc.o
 .debug_macro   0x000000000000253e    0x16336 ./Core/Src/adc.o
 .debug_macro   0x0000000000018874       0x6d ./Core/Src/adc.o
 .debug_macro   0x00000000000188e1     0x38e6 ./Core/Src/adc.o
 .debug_macro   0x000000000001c1c7      0x174 ./Core/Src/adc.o
 .debug_macro   0x000000000001c33b       0x5c ./Core/Src/adc.o
 .debug_macro   0x000000000001c397     0x13fa ./Core/Src/adc.o
 .debug_macro   0x000000000001d791      0x646 ./Core/Src/adc.o
 .debug_macro   0x000000000001ddd7      0x1b9 ./Core/Src/adc.o
 .debug_macro   0x000000000001df90      0x168 ./Core/Src/adc.o
 .debug_macro   0x000000000001e0f8      0x26b ./Core/Src/adc.o
 .debug_macro   0x000000000001e363      0x23d ./Core/Src/adc.o
 .debug_macro   0x000000000001e5a0      0xdfb ./Core/Src/adc.o
 .debug_macro   0x000000000001f39b      0x624 ./Core/Src/adc.o
 .debug_macro   0x000000000001f9bf      0x24f ./Core/Src/adc.o
 .debug_macro   0x000000000001fc0e      0x408 ./Core/Src/adc.o
 .debug_macro   0x0000000000020016      0x241 ./Core/Src/adc.o
 .debug_macro   0x0000000000020257      0x375 ./Core/Src/adc.o
 .debug_macro   0x00000000000205cc       0xd6 ./Core/Src/adc.o
 .debug_macro   0x00000000000206a2      0x22c ./Core/Src/adc.o
 .debug_macro   0x00000000000208ce       0x61 ./Core/Src/adc.o
 .debug_macro   0x000000000002092f       0xa5 ./Core/Src/adc.o
 .debug_macro   0x00000000000209d4      0x122 ./Core/Src/adc.o
 .debug_macro   0x0000000000020af6      0x364 ./Core/Src/adc.o
 .debug_macro   0x0000000000020e5a      0x2fe ./Core/Src/adc.o
 .debug_macro   0x0000000000021158      0x2eb ./Core/Src/adc.o
 .debug_macro   0x0000000000021443      0x207 ./Core/Src/can.o
 .debug_macro   0x000000000002164a      0x207 ./Core/Src/gpio.o
 .debug_macro   0x0000000000021851      0x207 ./Core/Src/i2c.o
 .debug_macro   0x0000000000021a58      0x329 ./Core/Src/main.o
 .debug_macro   0x0000000000021d81       0x52 ./Core/Src/main.o
 .debug_macro   0x0000000000021dd3       0x1e ./Core/Src/main.o
 .debug_macro   0x0000000000021df1       0x3c ./Core/Src/main.o
 .debug_macro   0x0000000000021e2d       0x34 ./Core/Src/main.o
 .debug_macro   0x0000000000021e61       0x16 ./Core/Src/main.o
 .debug_macro   0x0000000000021e77       0x43 ./Core/Src/main.o
 .debug_macro   0x0000000000021eba       0x34 ./Core/Src/main.o
 .debug_macro   0x0000000000021eee       0x10 ./Core/Src/main.o
 .debug_macro   0x0000000000021efe       0x58 ./Core/Src/main.o
 .debug_macro   0x0000000000021f56       0x71 ./Core/Src/main.o
 .debug_macro   0x0000000000021fc7       0x1c ./Core/Src/main.o
 .debug_macro   0x0000000000021fe3      0x12a ./Core/Src/main.o
 .debug_macro   0x000000000002210d      0x341 ./Core/Src/main.o
 .debug_macro   0x000000000002244e       0x10 ./Core/Src/main.o
 .debug_macro   0x000000000002245e       0x35 ./Core/Src/main.o
 .debug_macro   0x0000000000022493       0x20 ./Core/Src/main.o
 .debug_macro   0x00000000000224b3      0x207 ./Core/Src/spi.o
 .debug_macro   0x00000000000226ba      0x1fd ./Core/Src/stm32l4xx_hal_msp.o
 .debug_macro   0x00000000000228b7      0x207 ./Core/Src/stm32l4xx_it.o
 .debug_macro   0x0000000000022abe      0x1f3 ./Core/Src/system_stm32l4xx.o
 .debug_macro   0x0000000000022cb1      0x241 ./Drivers/STM32L4xx_HAL_Driver/Src/stm32l4xx_hal.o
 .debug_macro   0x0000000000022ef2      0x210 ./Drivers/STM32L4xx_HAL_Driver/Src/stm32l4xx_hal_adc.o
 .debug_macro   0x0000000000023102      0x1fb ./Drivers/STM32L4xx_HAL_Driver/Src/stm32l4xx_hal_can.o
 .debug_macro   0x00000000000232fd      0x1f3 ./Drivers/STM32L4xx_HAL_Driver/Src/stm32l4xx_hal_cortex.o
 .debug_macro   0x00000000000234f0      0x1fa ./Drivers/STM32L4xx_HAL_Driver/Src/stm32l4xx_hal_gpio.o
 .debug_macro   0x00000000000236ea      0x2bf ./Drivers/STM32L4xx_HAL_Driver/Src/stm32l4xx_hal_i2c.o
 .debug_macro   0x00000000000239a9      0x1f3 ./Drivers/STM32L4xx_HAL_Driver/Src/stm32l4xx_hal_i2c_ex.o
 .debug_macro   0x0000000000023b9c      0x217 ./Drivers/STM32L4xx_HAL_Driver/Src/stm32l4xx_hal_pwr_ex.o
 .debug_macro   0x0000000000023db3      0x235 ./Drivers/STM32L4xx_HAL_Driver/Src/stm32l4xx_hal_rcc.o
 .debug_macro   0x0000000000023fe8      0x229 ./Drivers/STM32L4xx_HAL_Driver/Src/stm32l4xx_hal_rcc_ex.o
 .debug_macro   0x0000000000024211      0x1fb ./Drivers/STM32L4xx_HAL_Driver/Src/stm32l4xx_hal_spi.o
 .debug_macro   0x000000000002440c      0x237 ./Drivers/max7300.o

.debug_line     0x0000000000000000    0x1386a
 .debug_line    0x0000000000000000      0x84d ./Core/Src/adc.o
 .debug_line    0x000000000000084d      0x7fa ./Core/Src/can.o
 .debug_line    0x0000000000001047      0x7b7 ./Core/Src/gpio.o
 .debug_line    0x00000000000017fe      0x81d ./Core/Src/i2c.o
 .debug_line    0x000000000000201b      0xaf6 ./Core/Src/main.o
 .debug_line    0x0000000000002b11      0x805 ./Core/Src/spi.o
 .debug_line    0x0000000000003316      0x78c ./Core/Src/stm32l4xx_hal_msp.o
 .debug_line    0x0000000000003aa2      0x84f ./Core/Src/stm32l4xx_it.o
 .debug_line    0x00000000000042f1      0x824 ./Core/Src/system_stm32l4xx.o
 .debug_line    0x0000000000004b15       0x88 ./Core/Startup/startup_stm32l452retx.o
 .debug_line    0x0000000000004b9d      0xb7c ./Drivers/STM32L4xx_HAL_Driver/Src/stm32l4xx_hal.o
 .debug_line    0x0000000000005719     0x1ca2 ./Drivers/STM32L4xx_HAL_Driver/Src/stm32l4xx_hal_adc.o
 .debug_line    0x00000000000073bb     0x11d8 ./Drivers/STM32L4xx_HAL_Driver/Src/stm32l4xx_hal_can.o
 .debug_line    0x0000000000008593      0xd23 ./Drivers/STM32L4xx_HAL_Driver/Src/stm32l4xx_hal_cortex.o
 .debug_line    0x00000000000092b6      0xb9c ./Drivers/STM32L4xx_HAL_Driver/Src/stm32l4xx_hal_gpio.o
 .debug_line    0x0000000000009e52     0x370e ./Drivers/STM32L4xx_HAL_Driver/Src/stm32l4xx_hal_i2c.o
 .debug_line    0x000000000000d560      0x9aa ./Drivers/STM32L4xx_HAL_Driver/Src/stm32l4xx_hal_i2c_ex.o
 .debug_line    0x000000000000df0a      0xc8f ./Drivers/STM32L4xx_HAL_Driver/Src/stm32l4xx_hal_pwr_ex.o
 .debug_line    0x000000000000eb99     0x1034 ./Drivers/STM32L4xx_HAL_Driver/Src/stm32l4xx_hal_rcc.o
 .debug_line    0x000000000000fbcd     0x146d ./Drivers/STM32L4xx_HAL_Driver/Src/stm32l4xx_hal_rcc_ex.o
 .debug_line    0x000000000001103a     0x1fb6 ./Drivers/STM32L4xx_HAL_Driver/Src/stm32l4xx_hal_spi.o
 .debug_line    0x0000000000012ff0      0x87a ./Drivers/max7300.o

.debug_str      0x0000000000000000    0xdf9b8
 .debug_str     0x0000000000000000    0xd7f3e ./Core/Src/adc.o
                                      0xd84e3 (size before relaxing)
 .debug_str     0x00000000000d7f3e      0x26e ./Core/Src/can.o
                                      0xd8067 (size before relaxing)
 .debug_str     0x00000000000d81ac       0x68 ./Core/Src/gpio.o
                                      0xd7da5 (size before relaxing)
 .debug_str     0x00000000000d8214      0x2b8 ./Core/Src/i2c.o
                                      0xd84f8 (size before relaxing)
 .debug_str     0x00000000000d84cc     0x3062 ./Core/Src/main.o
                                      0xdac69 (size before relaxing)
 .debug_str     0x00000000000db52e      0x202 ./Core/Src/spi.o
                                      0xd81d1 (size before relaxing)
 .debug_str     0x00000000000db730       0x2c ./Core/Src/stm32l4xx_hal_msp.o
                                      0xd7cda (size before relaxing)
 .debug_str     0x00000000000db75c       0xc9 ./Core/Src/stm32l4xx_it.o
                                      0xd7c09 (size before relaxing)
 .debug_str     0x00000000000db825       0xf2 ./Core/Src/system_stm32l4xx.o
                                      0xd7da1 (size before relaxing)
 .debug_str     0x00000000000db917       0x36 ./Core/Startup/startup_stm32l452retx.o
                                         0x77 (size before relaxing)
 .debug_str     0x00000000000db94d      0xa14 ./Drivers/STM32L4xx_HAL_Driver/Src/stm32l4xx_hal.o
                                      0xd8895 (size before relaxing)
 .debug_str     0x00000000000dc361      0xa6f ./Drivers/STM32L4xx_HAL_Driver/Src/stm32l4xx_hal_adc.o
                                      0xd8bdd (size before relaxing)
 .debug_str     0x00000000000dcdd0      0x557 ./Drivers/STM32L4xx_HAL_Driver/Src/stm32l4xx_hal_can.o
                                      0xd8425 (size before relaxing)
 .debug_str     0x00000000000dd327      0x344 ./Drivers/STM32L4xx_HAL_Driver/Src/stm32l4xx_hal_cortex.o
                                      0xd853f (size before relaxing)
 .debug_str     0x00000000000dd66b      0x128 ./Drivers/STM32L4xx_HAL_Driver/Src/stm32l4xx_hal_gpio.o
                                      0xd7f15 (size before relaxing)
 .debug_str     0x00000000000dd793      0xdcd ./Drivers/STM32L4xx_HAL_Driver/Src/stm32l4xx_hal_i2c.o
                                      0xd8f9b (size before relaxing)
 .debug_str     0x00000000000de560       0xb8 ./Drivers/STM32L4xx_HAL_Driver/Src/stm32l4xx_hal_i2c_ex.o
                                      0xd82d8 (size before relaxing)
 .debug_str     0x00000000000de618      0x43e ./Drivers/STM32L4xx_HAL_Driver/Src/stm32l4xx_hal_pwr_ex.o
                                      0xd8242 (size before relaxing)
 .debug_str     0x00000000000dea56      0x381 ./Drivers/STM32L4xx_HAL_Driver/Src/stm32l4xx_hal_rcc.o
                                      0xd83a1 (size before relaxing)
 .debug_str     0x00000000000dedd7      0x52e ./Drivers/STM32L4xx_HAL_Driver/Src/stm32l4xx_hal_rcc_ex.o
                                      0xd8665 (size before relaxing)
 .debug_str     0x00000000000df305      0x561 ./Drivers/STM32L4xx_HAL_Driver/Src/stm32l4xx_hal_spi.o
                                      0xd85b8 (size before relaxing)
 .debug_str     0x00000000000df866      0x152 ./Drivers/max7300.o
                                      0xd81d9 (size before relaxing)

.comment        0x0000000000000000       0x50
 .comment       0x0000000000000000       0x50 ./Core/Src/adc.o
                                         0x51 (size before relaxing)
 .comment       0x0000000000000050       0x51 ./Core/Src/can.o
 .comment       0x0000000000000050       0x51 ./Core/Src/gpio.o
 .comment       0x0000000000000050       0x51 ./Core/Src/i2c.o
 .comment       0x0000000000000050       0x51 ./Core/Src/main.o
 .comment       0x0000000000000050       0x51 ./Core/Src/spi.o
 .comment       0x0000000000000050       0x51 ./Core/Src/stm32l4xx_hal_msp.o
 .comment       0x0000000000000050       0x51 ./Core/Src/stm32l4xx_it.o
 .comment       0x0000000000000050       0x51 ./Core/Src/system_stm32l4xx.o
 .comment       0x0000000000000050       0x51 ./Drivers/STM32L4xx_HAL_Driver/Src/stm32l4xx_hal.o
 .comment       0x0000000000000050       0x51 ./Drivers/STM32L4xx_HAL_Driver/Src/stm32l4xx_hal_adc.o
 .comment       0x0000000000000050       0x51 ./Drivers/STM32L4xx_HAL_Driver/Src/stm32l4xx_hal_can.o
 .comment       0x0000000000000050       0x51 ./Drivers/STM32L4xx_HAL_Driver/Src/stm32l4xx_hal_cortex.o
 .comment       0x0000000000000050       0x51 ./Drivers/STM32L4xx_HAL_Driver/Src/stm32l4xx_hal_gpio.o
 .comment       0x0000000000000050       0x51 ./Drivers/STM32L4xx_HAL_Driver/Src/stm32l4xx_hal_i2c.o
 .comment       0x0000000000000050       0x51 ./Drivers/STM32L4xx_HAL_Driver/Src/stm32l4xx_hal_i2c_ex.o
 .comment       0x0000000000000050       0x51 ./Drivers/STM32L4xx_HAL_Driver/Src/stm32l4xx_hal_pwr_ex.o
 .comment       0x0000000000000050       0x51 ./Drivers/STM32L4xx_HAL_Driver/Src/stm32l4xx_hal_rcc.o
 .comment       0x0000000000000050       0x51 ./Drivers/STM32L4xx_HAL_Driver/Src/stm32l4xx_hal_rcc_ex.o
 .comment       0x0000000000000050       0x51 ./Drivers/STM32L4xx_HAL_Driver/Src/stm32l4xx_hal_spi.o
 .comment       0x0000000000000050       0x51 ./Drivers/max7300.o

.debug_frame    0x0000000000000000     0x3efc
 .debug_frame   0x0000000000000000       0x80 ./Core/Src/adc.o
 .debug_frame   0x0000000000000080       0x74 ./Core/Src/can.o
 .debug_frame   0x00000000000000f4       0x34 ./Core/Src/gpio.o
 .debug_frame   0x0000000000000128       0x78 ./Core/Src/i2c.o
 .debug_frame   0x00000000000001a0       0x6c ./Core/Src/main.o
 .debug_frame   0x000000000000020c       0x74 ./Core/Src/spi.o
 .debug_frame   0x0000000000000280       0x38 ./Core/Src/stm32l4xx_hal_msp.o
 .debug_frame   0x00000000000002b8      0x104 ./Core/Src/stm32l4xx_it.o
 .debug_frame   0x00000000000003bc       0x58 ./Core/Src/system_stm32l4xx.o
 .debug_frame   0x0000000000000414      0x498 ./Drivers/STM32L4xx_HAL_Driver/Src/stm32l4xx_hal.o
 .debug_frame   0x00000000000008ac      0x9d8 ./Drivers/STM32L4xx_HAL_Driver/Src/stm32l4xx_hal_adc.o
 .debug_frame   0x0000000000001284      0x5a0 ./Drivers/STM32L4xx_HAL_Driver/Src/stm32l4xx_hal_can.o
 .debug_frame   0x0000000000001824      0x498 ./Drivers/STM32L4xx_HAL_Driver/Src/stm32l4xx_hal_cortex.o
 .debug_frame   0x0000000000001cbc      0x14c ./Drivers/STM32L4xx_HAL_Driver/Src/stm32l4xx_hal_gpio.o
 .debug_frame   0x0000000000001e08      0xc38 ./Drivers/STM32L4xx_HAL_Driver/Src/stm32l4xx_hal_i2c.o
 .debug_frame   0x0000000000002a40      0x100 ./Drivers/STM32L4xx_HAL_Driver/Src/stm32l4xx_hal_i2c_ex.o
 .debug_frame   0x0000000000002b40      0x4a4 ./Drivers/STM32L4xx_HAL_Driver/Src/stm32l4xx_hal_pwr_ex.o
 .debug_frame   0x0000000000002fe4      0x21c ./Drivers/STM32L4xx_HAL_Driver/Src/stm32l4xx_hal_rcc.o
 .debug_frame   0x0000000000003200      0x3d0 ./Drivers/STM32L4xx_HAL_Driver/Src/stm32l4xx_hal_rcc_ex.o
 .debug_frame   0x00000000000035d0      0x860 ./Drivers/STM32L4xx_HAL_Driver/Src/stm32l4xx_hal_spi.o
 .debug_frame   0x0000000000003e30       0x80 ./Drivers/max7300.o
 .debug_frame   0x0000000000003eb0       0x2c c:/program files (x86)/stm32cubeide_1.10.1/stm32cubeide/plugins/com.st.stm32cube.ide.mcu.externaltools.gnu-tools-for-stm32.10.3-2021.10.win32_1.0.0.202111181127/tools/bin/../lib/gcc/arm-none-eabi/10.3.1/../../../../arm-none-eabi/lib/thumb/v7e-m+fp/hard\libc_nano.a(lib_a-init.o)
 .debug_frame   0x0000000000003edc       0x20 c:/program files (x86)/stm32cubeide_1.10.1/stm32cubeide/plugins/com.st.stm32cube.ide.mcu.externaltools.gnu-tools-for-stm32.10.3-2021.10.win32_1.0.0.202111181127/tools/bin/../lib/gcc/arm-none-eabi/10.3.1/../../../../arm-none-eabi/lib/thumb/v7e-m+fp/hard\libc_nano.a(lib_a-memset.o)
